Microchip Technology Inc, v2.10 (B)

Tool Name:
  c:\program files\microchip\xc16\v2.10\bin\bin\..\bin/elf-ld.exe

Command:
  -p33CK64MC105 \
  --mdfp=C:/Program Files/Microchip/MPLABX/v6.20/packs/Microchip/dsPIC33CK-MC_DFP/1.7.244/xc16 \
  -o \
  dist/default/production/firmware.production.elf \
  -Lc:/program files/microchip/xc16/v2.10/bin/bin/.. \
  -LC:/Program Files/Microchip/MPLABX/v6.20/packs/Microchip/dsPIC33CK-MC_DFP/1.7.244/xc16/bin/../support/dsPIC33C/gld \
  -Lc:/program files/microchip/xc16/v2.10/bin/bin/../../lib \
  -Lc:/program files/microchip/xc16/v2.10/bin/bin/../../support/PIC24E/gld \
  -Lc:/program files/microchip/xc16/v2.10/bin/bin/../../support/PIC24F/gld \
  -Lc:/program files/microchip/xc16/v2.10/bin/bin/../../support/PIC24H/gld \
  -Lc:/program files/microchip/xc16/v2.10/bin/bin/../../support/dsPIC30F/gld \
  -Lc:/program files/microchip/xc16/v2.10/bin/bin/../../support/dsPIC33C/gld \
  -Lc:/program files/microchip/xc16/v2.10/bin/bin/../../support/dsPIC33E/gld \
  -Lc:/program files/microchip/xc16/v2.10/bin/bin/../../support/dsPIC33F/gld \
  C:\Users\rbair\AppData\Local\Temp\cc7sN7ja.000013b8.o \
  C:\Users\rbair\AppData\Local\Temp\ccMupnzh.000013b8.o \
  --local-stack \
  --preserved=firmware.production.elf \
  --defsym=__MPLAB_BUILD=1 \
  -Tlinkscript.gld.00 \
  --stack=16 \
  --check-sections \
  --no-data-init \
  --pack-data \
  --handles \
  --isr \
  --no-gc-sections \
  --fill-upper=0 \
  --stackguard=16 \
  --no-force-link \
  --smart-io \
  -Map=dist/default/production/firmware.production.map \
  --report-mem \
  --memorysummary \
  dist/default/production/memoryfile.xml \
  -start-group \
  --library=c99-pic30-elf \
  --library=m-elf \
  --library=c99-elf \
  -end-group \


Optional library libp33CK64MC105.a not found
Archive member included because of file (symbol)

c:/program files/microchip/xc16/v2.10/bin/bin/../../lib\libc99-pic30-elf.a(crt1_extendedch.o)
                              (__resetALT)
c:/program files/microchip/xc16/v2.10/bin/bin/../../lib\libc99-pic30-elf.a(crt_start_mode_normalch.Meo)
                              (__crt_start_mode)
c:/program files/microchip/xc16/v2.10/bin/bin/../../lib\libc99-pic30-elf.a(delay32ch.Meo)
                              C:\Users\rbair\AppData\Local\Temp\ccMupnzh.000013b8.o (___delay32)
c:/program files/microchip/xc16/v2.10/bin/bin/../../lib\libc99-elf.a(memcmp.CH_o)
                              C:\Users\rbair\AppData\Local\Temp\ccMupnzh.000013b8.o (_memcmp)


Selected CodeGuard Options:
  FSEC:BWRP:OFF
  FSEC:BSS:DISABLED
  FSEC:BSEN:OFF
  FSEC:GWRP:OFF
  FSEC:GSS:DISABLED
  FSEC:CWRP:OFF
  FSEC:CSS:DISABLED
  FSEC:AIVTDIS:OFF

CodeGuard FLASH Memory:
  boot    (none)
  secure  (none)
  general 0x200 to 0xaefe

CodeGuard RAM Memory:
  general 0x1000 to 0x2fff
  secure  (none)
  boot    (none)


xc16-ld 2.10 (B)

Default Code Model: Small
Default Data Model: Large
Default Scalar Model: Small

"program" Memory  [Origin = 0x200, Length = 0xad00]

section                    address   length (PC units)   length (bytes) (dec)
-------                    -------   -----------------   --------------------
.text                        0x200              0x3622          0x5133  (20787)
.const                      0x3822               0x974           0xe2e  (3630)
.newcode                    0x4800                 0x2             0x3  (3)

                 Total "program" memory used (bytes):         0x5f64  (24420) 36%


"data" Memory  [Origin = 0x1000, Length = 0x2000]

section                    address      alignment gaps    total length  (dec)
-------                    -------      --------------    -------------------
.mr_buffer1                 0x1000                   0           0xc00  (3072)
.mr_buffer2                 0x1c00                   0           0xc00  (3072)
.queueInfo                  0x2800                   0           0x402  (1026)
.diskBuffer                 0x2c02                   0           0x200  (512)
.coreInfo                   0x2e02                   0            0x70  (112)
.fileSystemInfo             0x2e72                   0            0x34  (52)
.updateInfo                 0x2ea6                   0            0x18  (24)
.stateVars                  0x2ebe                   0             0xe  (14)
.diskInfo                   0x2ecc                   0             0xc  (12)
.data                       0x2ed8                   0             0x4  (4)

                 Total "data" memory used (bytes):         0x1edc  (7900) 96%


Dynamic Memory Usage

region                     address                      maximum length  (dec)
------                     -------                      ---------------------
heap                             0                                   0  (0)
stack                       0x2edc                               0x124  (292)

[...]
Memory Configuration

Name             Origin             Length             Attributes
data             0x001000           0x002000           a !xr
reset            0x000000           0x000004  
ivt              0x000004           0x0001fc  
program          0x000200           0x00ad00           xr
FSEC             0x00af00           0x000002  
FBSLIM           0x00af10           0x000002  
FOSCSEL          0x00af18           0x000002  
FOSC             0x00af1c           0x000002  
FWDT             0x00af20           0x000002  
FPOR             0x00af24           0x000002  
FICD             0x00af28           0x000002  
FDMTIVTL         0x00af2c           0x000002  
FDMTIVTH         0x00af30           0x000002  
FDMTCNTL         0x00af34           0x000002  
FDMTCNTH         0x00af38           0x000002  
FDMT             0x00af3c           0x000002  
FDEVOPT          0x00af40           0x000002  
FALTREG          0x00af44           0x000002  
*default*        0x000000           0xffffffff  

Linker script and memory map

LOAD C:\Users\rbair\AppData\Local\Temp\cc7sN7ja.000013b8.o
LOAD C:\Users\rbair\AppData\Local\Temp\ccMupnzh.000013b8.o
LOAD firmware.production.elf
                    0x0001                  __MPLAB_BUILD = 0x1
LOAD p33CK64MC105
LOAD c:/program files/microchip/xc16/v2.10/bin/bin/../../lib\libfx-elf.a
                    0x801028                  _iwri1 = 0x801028
                    0x80102c                  _iwri2 = 0x80102c
                    0xaf00                  __FSEC = 0xaf00
                    0xaf10                  __FBSLIM = 0xaf10
                    0xaf18                  __FOSCSEL = 0xaf18
                    0xaf1c                  __FOSC = 0xaf1c
                    0xaf20                  __FWDT = 0xaf20
                    0xaf24                  __FPOR = 0xaf24
                    0xaf28                  __FICD = 0xaf28
                    0xaf2c                  __FDMTIVTL = 0xaf2c
                    0xaf30                  __FDMTIVTH = 0xaf30
                    0xaf34                  __FDMTCNTL = 0xaf34
                    0xaf38                  __FDMTCNTH = 0xaf38
                    0xaf3c                  __FDMT = 0xaf3c
                    0xaf40                  __FDEVOPT = 0xaf40
                    0xaf44                  __FALTREG = 0xaf44
                    0x0001                  __NO_HANDLES = 0x1
                    0x0200                  __CODE_BASE = 0x200
                    0xad00                  __CODE_LENGTH = 0xad00
                    0x0004                  __IVT_BASE = 0x4
                    0x1000                  __DATA_BASE = 0x1000
                    0x2000                  __DATA_LENGTH = 0x2000
                    0x2000                  __YDATA_BASE = 0x2000
                    0x3000                  __YDATA_END = 0x3000

.reset            0x000000          0x4
                  0x000000          0x2 SHORT 0x200 ABSOLUTE (__reset)
                  0x000001          0x2 SHORT 0x4
                  0x000002          0x2 SHORT 0x0 ((ABSOLUTE (__reset) >> 0x10) & 0x7f)
                  0x000003          0x2 SHORT 0x0

.text             0x000200       0x3622
 *(.init)
 .init            0x000200         0x22 c:/program files/microchip/xc16/v2.10/bin/bin/../../lib\libc99-pic30-elf.a(crt1_extendedch.o)
                  0x000200                  __resetALT
                  0x000200                  __reset
 *(.user_init)
 *(.handle)
 *(.isr*)
 .isrerror_handler
                  0x00064a         0xb0 C:\Users\rbair\AppData\Local\Temp\ccMupnzh.000013b8.o
                  0x00064a                  __SoftTrapError
                  0x00066e                  __HardTrapError
                  0x00068a                  __MathError
                  0x0006a6                  __AddressError
                  0x0006c2                  __StackError
                  0x0006de                  __OscillatorFail
 .isr.text        0x0006fa        0xece C:\Users\rbair\AppData\Local\Temp\ccMupnzh.000013b8.o
                  0x0006fa                  __CNCInterrupt
                  0x000712                  C:\Users\rbair\AppData\Local\Temp\ccMupnzh.000013b8.o:.L268
                  0x000722                  C:\Users\rbair\AppData\Local\Temp\ccMupnzh.000013b8.o:.L269
                  0x00072e                  C:\Users\rbair\AppData\Local\Temp\ccMupnzh.000013b8.o:.L270
                  0x00073a                  C:\Users\rbair\AppData\Local\Temp\ccMupnzh.000013b8.o:.L271
                  0x000746                  C:\Users\rbair\AppData\Local\Temp\ccMupnzh.000013b8.o:.L272
                  0x000752                  C:\Users\rbair\AppData\Local\Temp\ccMupnzh.000013b8.o:.L273
                  0x00075e                  C:\Users\rbair\AppData\Local\Temp\ccMupnzh.000013b8.o:.L274
                  0x00076a                  C:\Users\rbair\AppData\Local\Temp\ccMupnzh.000013b8.o:.L275
                  0x000774                  C:\Users\rbair\AppData\Local\Temp\ccMupnzh.000013b8.o:.L276
                  0x000780                  C:\Users\rbair\AppData\Local\Temp\ccMupnzh.000013b8.o:.L277
                  0x00078a                  C:\Users\rbair\AppData\Local\Temp\ccMupnzh.000013b8.o:.L278
                  0x000796                  C:\Users\rbair\AppData\Local\Temp\ccMupnzh.000013b8.o:.L279
                  0x0007a2                  C:\Users\rbair\AppData\Local\Temp\ccMupnzh.000013b8.o:.L280
                  0x0007ae                  C:\Users\rbair\AppData\Local\Temp\ccMupnzh.000013b8.o:.L281
                  0x0007ba                  C:\Users\rbair\AppData\Local\Temp\ccMupnzh.000013b8.o:.L282
                  0x0007c6                  C:\Users\rbair\AppData\Local\Temp\ccMupnzh.000013b8.o:.L283
                  0x0007d2                  C:\Users\rbair\AppData\Local\Temp\ccMupnzh.000013b8.o:.L284
                  0x0007de                  C:\Users\rbair\AppData\Local\Temp\ccMupnzh.000013b8.o:.L285
                  0x0007ea                  C:\Users\rbair\AppData\Local\Temp\ccMupnzh.000013b8.o:.L286
                  0x0007f6                  C:\Users\rbair\AppData\Local\Temp\ccMupnzh.000013b8.o:.L287
                  0x000802                  C:\Users\rbair\AppData\Local\Temp\ccMupnzh.000013b8.o:.L288
                  0x00080e                  C:\Users\rbair\AppData\Local\Temp\ccMupnzh.000013b8.o:.L289
                  0x00081a                  C:\Users\rbair\AppData\Local\Temp\ccMupnzh.000013b8.o:.L290
                  0x000826                  C:\Users\rbair\AppData\Local\Temp\ccMupnzh.000013b8.o:.L291
                  0x000832                  C:\Users\rbair\AppData\Local\Temp\ccMupnzh.000013b8.o:.L292
                  0x00083e                  C:\Users\rbair\AppData\Local\Temp\ccMupnzh.000013b8.o:.L293
                  0x00084a                  C:\Users\rbair\AppData\Local\Temp\ccMupnzh.000013b8.o:.L294
                  0x000856                  C:\Users\rbair\AppData\Local\Temp\ccMupnzh.000013b8.o:.L295
                  0x000862                  C:\Users\rbair\AppData\Local\Temp\ccMupnzh.000013b8.o:.L296
                  0x00086e                  C:\Users\rbair\AppData\Local\Temp\ccMupnzh.000013b8.o:.L297
                  0x00087a                  C:\Users\rbair\AppData\Local\Temp\ccMupnzh.000013b8.o:.L298
                  0x000886                  C:\Users\rbair\AppData\Local\Temp\ccMupnzh.000013b8.o:.L299
                  0x000892                  C:\Users\rbair\AppData\Local\Temp\ccMupnzh.000013b8.o:.L300
                  0x00089e                  C:\Users\rbair\AppData\Local\Temp\ccMupnzh.000013b8.o:.L301
                  0x0008aa                  C:\Users\rbair\AppData\Local\Temp\ccMupnzh.000013b8.o:.L302
                  0x0008b6                  C:\Users\rbair\AppData\Local\Temp\ccMupnzh.000013b8.o:.L303
                  0x0008c2                  C:\Users\rbair\AppData\Local\Temp\ccMupnzh.000013b8.o:.L304
                  0x0008ce                  C:\Users\rbair\AppData\Local\Temp\ccMupnzh.000013b8.o:.L305
                  0x0008da                  C:\Users\rbair\AppData\Local\Temp\ccMupnzh.000013b8.o:.L306
                  0x0008e6                  C:\Users\rbair\AppData\Local\Temp\ccMupnzh.000013b8.o:.L307
                  0x0008f2                  C:\Users\rbair\AppData\Local\Temp\ccMupnzh.000013b8.o:.L308
                  0x0008fe                  C:\Users\rbair\AppData\Local\Temp\ccMupnzh.000013b8.o:.L309
                  0x00090a                  C:\Users\rbair\AppData\Local\Temp\ccMupnzh.000013b8.o:.L310
                  0x000916                  C:\Users\rbair\AppData\Local\Temp\ccMupnzh.000013b8.o:.L311
                  0x000922                  C:\Users\rbair\AppData\Local\Temp\ccMupnzh.000013b8.o:.L312
                  0x00092e                  C:\Users\rbair\AppData\Local\Temp\ccMupnzh.000013b8.o:.L313
                  0x00093a                  C:\Users\rbair\AppData\Local\Temp\ccMupnzh.000013b8.o:.L314
                  0x000946                  C:\Users\rbair\AppData\Local\Temp\ccMupnzh.000013b8.o:.L315
                  0x000952                  C:\Users\rbair\AppData\Local\Temp\ccMupnzh.000013b8.o:.L316
                  0x00095e                  C:\Users\rbair\AppData\Local\Temp\ccMupnzh.000013b8.o:.L317
                  0x00096a                  C:\Users\rbair\AppData\Local\Temp\ccMupnzh.000013b8.o:.L318
                  0x000976                  C:\Users\rbair\AppData\Local\Temp\ccMupnzh.000013b8.o:.L319
                  0x000982                  C:\Users\rbair\AppData\Local\Temp\ccMupnzh.000013b8.o:.L320
                  0x00098e                  C:\Users\rbair\AppData\Local\Temp\ccMupnzh.000013b8.o:.L321
                  0x00099a                  C:\Users\rbair\AppData\Local\Temp\ccMupnzh.000013b8.o:.L322
                  0x0009a6                  C:\Users\rbair\AppData\Local\Temp\ccMupnzh.000013b8.o:.L323
                  0x0009b2                  C:\Users\rbair\AppData\Local\Temp\ccMupnzh.000013b8.o:.L324
                  0x0009be                  C:\Users\rbair\AppData\Local\Temp\ccMupnzh.000013b8.o:.L325
                  0x0009ca                  C:\Users\rbair\AppData\Local\Temp\ccMupnzh.000013b8.o:.L326
                  0x0009d6                  C:\Users\rbair\AppData\Local\Temp\ccMupnzh.000013b8.o:.L327
                  0x0009e2                  C:\Users\rbair\AppData\Local\Temp\ccMupnzh.000013b8.o:.L328
                  0x0009ee                  C:\Users\rbair\AppData\Local\Temp\ccMupnzh.000013b8.o:.L329
                  0x0009fa                  C:\Users\rbair\AppData\Local\Temp\ccMupnzh.000013b8.o:.L330
                  0x000a06                  C:\Users\rbair\AppData\Local\Temp\ccMupnzh.000013b8.o:.L331
                  0x000a1a                  C:\Users\rbair\AppData\Local\Temp\ccMupnzh.000013b8.o:.L332
                  0x000a26                  C:\Users\rbair\AppData\Local\Temp\ccMupnzh.000013b8.o:.L333
                  0x000a32                  C:\Users\rbair\AppData\Local\Temp\ccMupnzh.000013b8.o:.L334
                  0x000a3e                  C:\Users\rbair\AppData\Local\Temp\ccMupnzh.000013b8.o:.L335
                  0x000a4a                  C:\Users\rbair\AppData\Local\Temp\ccMupnzh.000013b8.o:.L336
                  0x000a56                  C:\Users\rbair\AppData\Local\Temp\ccMupnzh.000013b8.o:.L337
                  0x000a6c                  C:\Users\rbair\AppData\Local\Temp\ccMupnzh.000013b8.o:.L340
                  0x000a7c                  C:\Users\rbair\AppData\Local\Temp\ccMupnzh.000013b8.o:.L341
                  0x000a90                  C:\Users\rbair\AppData\Local\Temp\ccMupnzh.000013b8.o:.L342
                  0x000a9c                  C:\Users\rbair\AppData\Local\Temp\ccMupnzh.000013b8.o:.L343
                  0x000aa8                  C:\Users\rbair\AppData\Local\Temp\ccMupnzh.000013b8.o:.L344
                  0x000ab4                  C:\Users\rbair\AppData\Local\Temp\ccMupnzh.000013b8.o:.L345
                  0x000ac8                  C:\Users\rbair\AppData\Local\Temp\ccMupnzh.000013b8.o:.L346
                  0x000ad4                  C:\Users\rbair\AppData\Local\Temp\ccMupnzh.000013b8.o:.L347
                  0x000ae8                  C:\Users\rbair\AppData\Local\Temp\ccMupnzh.000013b8.o:.L348
                  0x000af4                  C:\Users\rbair\AppData\Local\Temp\ccMupnzh.000013b8.o:.L349
                  0x000b00                  C:\Users\rbair\AppData\Local\Temp\ccMupnzh.000013b8.o:.L350
                  0x000b0c                  C:\Users\rbair\AppData\Local\Temp\ccMupnzh.000013b8.o:.L351
                  0x000b1e                  C:\Users\rbair\AppData\Local\Temp\ccMupnzh.000013b8.o:.L352
                  0x000b2a                  C:\Users\rbair\AppData\Local\Temp\ccMupnzh.000013b8.o:.L353
                  0x000b36                  C:\Users\rbair\AppData\Local\Temp\ccMupnzh.000013b8.o:.L354
                  0x000b42                  C:\Users\rbair\AppData\Local\Temp\ccMupnzh.000013b8.o:.L355
                  0x000b54                  C:\Users\rbair\AppData\Local\Temp\ccMupnzh.000013b8.o:.L356
                  0x000b60                  C:\Users\rbair\AppData\Local\Temp\ccMupnzh.000013b8.o:.L357
                  0x000b6c                  C:\Users\rbair\AppData\Local\Temp\ccMupnzh.000013b8.o:.L358
                  0x000b78                  C:\Users\rbair\AppData\Local\Temp\ccMupnzh.000013b8.o:.L359
                  0x000b8c                  C:\Users\rbair\AppData\Local\Temp\ccMupnzh.000013b8.o:.L360
                  0x000b98                  C:\Users\rbair\AppData\Local\Temp\ccMupnzh.000013b8.o:.L361
                  0x000ba4                  C:\Users\rbair\AppData\Local\Temp\ccMupnzh.000013b8.o:.L362
                  0x000bb0                  C:\Users\rbair\AppData\Local\Temp\ccMupnzh.000013b8.o:.L363
                  0x000bc6                  C:\Users\rbair\AppData\Local\Temp\ccMupnzh.000013b8.o:.L364
                  0x000bd2                  C:\Users\rbair\AppData\Local\Temp\ccMupnzh.000013b8.o:.L365
                  0x000bde                  C:\Users\rbair\AppData\Local\Temp\ccMupnzh.000013b8.o:.L366
                  0x000bea                  C:\Users\rbair\AppData\Local\Temp\ccMupnzh.000013b8.o:.L367
                  0x000bfe                  C:\Users\rbair\AppData\Local\Temp\ccMupnzh.000013b8.o:.L368
                  0x000c0a                  C:\Users\rbair\AppData\Local\Temp\ccMupnzh.000013b8.o:.L369
                  0x000c16                  C:\Users\rbair\AppData\Local\Temp\ccMupnzh.000013b8.o:.L370
                  0x000c22                  C:\Users\rbair\AppData\Local\Temp\ccMupnzh.000013b8.o:.L371
                  0x000c36                  C:\Users\rbair\AppData\Local\Temp\ccMupnzh.000013b8.o:.L372
                  0x000c42                  C:\Users\rbair\AppData\Local\Temp\ccMupnzh.000013b8.o:.L373
                  0x000c4e                  C:\Users\rbair\AppData\Local\Temp\ccMupnzh.000013b8.o:.L374
                  0x000c5a                  C:\Users\rbair\AppData\Local\Temp\ccMupnzh.000013b8.o:.L375
                  0x000c6e                  C:\Users\rbair\AppData\Local\Temp\ccMupnzh.000013b8.o:.L376
                  0x000c7a                  C:\Users\rbair\AppData\Local\Temp\ccMupnzh.000013b8.o:.L377
                  0x000c86                  C:\Users\rbair\AppData\Local\Temp\ccMupnzh.000013b8.o:.L378
                  0x000c92                  C:\Users\rbair\AppData\Local\Temp\ccMupnzh.000013b8.o:.L379
                  0x000c9e                  C:\Users\rbair\AppData\Local\Temp\ccMupnzh.000013b8.o:.L380
                  0x000caa                  C:\Users\rbair\AppData\Local\Temp\ccMupnzh.000013b8.o:.L381
                  0x000cb6                  C:\Users\rbair\AppData\Local\Temp\ccMupnzh.000013b8.o:.L382
                  0x000cc2                  C:\Users\rbair\AppData\Local\Temp\ccMupnzh.000013b8.o:.L383
                  0x000cce                  C:\Users\rbair\AppData\Local\Temp\ccMupnzh.000013b8.o:.L384
                  0x000cd8                  C:\Users\rbair\AppData\Local\Temp\ccMupnzh.000013b8.o:.L385
                  0x000ce4                  C:\Users\rbair\AppData\Local\Temp\ccMupnzh.000013b8.o:.L386
                  0x000cf0                  C:\Users\rbair\AppData\Local\Temp\ccMupnzh.000013b8.o:.L387
                  0x000cfc                  C:\Users\rbair\AppData\Local\Temp\ccMupnzh.000013b8.o:.L388
                  0x000d08                  C:\Users\rbair\AppData\Local\Temp\ccMupnzh.000013b8.o:.L389
                  0x000d14                  C:\Users\rbair\AppData\Local\Temp\ccMupnzh.000013b8.o:.L390
                  0x000d1e                  C:\Users\rbair\AppData\Local\Temp\ccMupnzh.000013b8.o:.L391
                  0x000d32                  C:\Users\rbair\AppData\Local\Temp\ccMupnzh.000013b8.o:.L392
                  0x000d3e                  C:\Users\rbair\AppData\Local\Temp\ccMupnzh.000013b8.o:.L393
                  0x000d4a                  C:\Users\rbair\AppData\Local\Temp\ccMupnzh.000013b8.o:.L394
                  0x000d56                  C:\Users\rbair\AppData\Local\Temp\ccMupnzh.000013b8.o:.L395
                  0x000d62                  C:\Users\rbair\AppData\Local\Temp\ccMupnzh.000013b8.o:.L396
                  0x000d6e                  C:\Users\rbair\AppData\Local\Temp\ccMupnzh.000013b8.o:.L397
                  0x000d82                  C:\Users\rbair\AppData\Local\Temp\ccMupnzh.000013b8.o:.L398
                  0x000d8e                  C:\Users\rbair\AppData\Local\Temp\ccMupnzh.000013b8.o:.L399
                  0x000d9a                  C:\Users\rbair\AppData\Local\Temp\ccMupnzh.000013b8.o:.L400
                  0x000da6                  C:\Users\rbair\AppData\Local\Temp\ccMupnzh.000013b8.o:.L401
                  0x000dbc                  C:\Users\rbair\AppData\Local\Temp\ccMupnzh.000013b8.o:.L402
                  0x000dc8                  C:\Users\rbair\AppData\Local\Temp\ccMupnzh.000013b8.o:.L403
                  0x000dd4                  C:\Users\rbair\AppData\Local\Temp\ccMupnzh.000013b8.o:.L404
                  0x000de0                  C:\Users\rbair\AppData\Local\Temp\ccMupnzh.000013b8.o:.L405
                  0x000df4                  C:\Users\rbair\AppData\Local\Temp\ccMupnzh.000013b8.o:.L406
                  0x000e00                  C:\Users\rbair\AppData\Local\Temp\ccMupnzh.000013b8.o:.L407
                  0x000e14                  C:\Users\rbair\AppData\Local\Temp\ccMupnzh.000013b8.o:.L408
                  0x000e20                  C:\Users\rbair\AppData\Local\Temp\ccMupnzh.000013b8.o:.L409
                  0x000e34                  C:\Users\rbair\AppData\Local\Temp\ccMupnzh.000013b8.o:.L410
                  0x000e40                  C:\Users\rbair\AppData\Local\Temp\ccMupnzh.000013b8.o:.L411
                  0x000e4c                  C:\Users\rbair\AppData\Local\Temp\ccMupnzh.000013b8.o:.L412
                  0x000e58                  C:\Users\rbair\AppData\Local\Temp\ccMupnzh.000013b8.o:.L413
                  0x000e6c                  C:\Users\rbair\AppData\Local\Temp\ccMupnzh.000013b8.o:.L414
                  0x000e78                  C:\Users\rbair\AppData\Local\Temp\ccMupnzh.000013b8.o:.L415
                  0x000e84                  C:\Users\rbair\AppData\Local\Temp\ccMupnzh.000013b8.o:.L416
                  0x000e90                  C:\Users\rbair\AppData\Local\Temp\ccMupnzh.000013b8.o:.L417
                  0x000ea4                  C:\Users\rbair\AppData\Local\Temp\ccMupnzh.000013b8.o:.L418
                  0x000eb0                  C:\Users\rbair\AppData\Local\Temp\ccMupnzh.000013b8.o:.L419
                  0x000ebc                  C:\Users\rbair\AppData\Local\Temp\ccMupnzh.000013b8.o:.L420
                  0x000ec8                  C:\Users\rbair\AppData\Local\Temp\ccMupnzh.000013b8.o:.L421
                  0x000ede                  C:\Users\rbair\AppData\Local\Temp\ccMupnzh.000013b8.o:.L422
                  0x000eea                  C:\Users\rbair\AppData\Local\Temp\ccMupnzh.000013b8.o:.L423
                  0x000ef6                  C:\Users\rbair\AppData\Local\Temp\ccMupnzh.000013b8.o:.L424
                  0x000f02                  C:\Users\rbair\AppData\Local\Temp\ccMupnzh.000013b8.o:.L425
                  0x000f16                  C:\Users\rbair\AppData\Local\Temp\ccMupnzh.000013b8.o:.L426
                  0x000f22                  C:\Users\rbair\AppData\Local\Temp\ccMupnzh.000013b8.o:.L427
                  0x000f2e                  C:\Users\rbair\AppData\Local\Temp\ccMupnzh.000013b8.o:.L428
                  0x000f3a                  C:\Users\rbair\AppData\Local\Temp\ccMupnzh.000013b8.o:.L429
                  0x000f4e                  C:\Users\rbair\AppData\Local\Temp\ccMupnzh.000013b8.o:.L430
                  0x000f5a                  C:\Users\rbair\AppData\Local\Temp\ccMupnzh.000013b8.o:.L431
                  0x000f66                  C:\Users\rbair\AppData\Local\Temp\ccMupnzh.000013b8.o:.L432
                  0x000f72                  C:\Users\rbair\AppData\Local\Temp\ccMupnzh.000013b8.o:.L433
                  0x000f86                  C:\Users\rbair\AppData\Local\Temp\ccMupnzh.000013b8.o:.L434
                  0x000f92                  C:\Users\rbair\AppData\Local\Temp\ccMupnzh.000013b8.o:.L435
                  0x000f9e                  C:\Users\rbair\AppData\Local\Temp\ccMupnzh.000013b8.o:.L436
                  0x000faa                  C:\Users\rbair\AppData\Local\Temp\ccMupnzh.000013b8.o:.L437
                  0x000fb6                  C:\Users\rbair\AppData\Local\Temp\ccMupnzh.000013b8.o:.L438
                  0x000fc2                  C:\Users\rbair\AppData\Local\Temp\ccMupnzh.000013b8.o:.L439
                  0x000fce                  C:\Users\rbair\AppData\Local\Temp\ccMupnzh.000013b8.o:.L440
                  0x000fda                  C:\Users\rbair\AppData\Local\Temp\ccMupnzh.000013b8.o:.L441
                  0x000fe6                  C:\Users\rbair\AppData\Local\Temp\ccMupnzh.000013b8.o:.L442
                  0x000ff0                  C:\Users\rbair\AppData\Local\Temp\ccMupnzh.000013b8.o:.L443
                  0x000ffc                  C:\Users\rbair\AppData\Local\Temp\ccMupnzh.000013b8.o:.L444
                  0x001008                  C:\Users\rbair\AppData\Local\Temp\ccMupnzh.000013b8.o:.L445
                  0x001014                  C:\Users\rbair\AppData\Local\Temp\ccMupnzh.000013b8.o:.L446
                  0x001024                  C:\Users\rbair\AppData\Local\Temp\ccMupnzh.000013b8.o:.L447
                  0x001048                  C:\Users\rbair\AppData\Local\Temp\ccMupnzh.000013b8.o:.L452
                  0x001054                  C:\Users\rbair\AppData\Local\Temp\ccMupnzh.000013b8.o:.L453
                  0x001060                  C:\Users\rbair\AppData\Local\Temp\ccMupnzh.000013b8.o:.L454
                  0x00106c                  C:\Users\rbair\AppData\Local\Temp\ccMupnzh.000013b8.o:.L455
                  0x001078                  C:\Users\rbair\AppData\Local\Temp\ccMupnzh.000013b8.o:.L456
                  0x001084                  C:\Users\rbair\AppData\Local\Temp\ccMupnzh.000013b8.o:.L457
                  0x001090                  C:\Users\rbair\AppData\Local\Temp\ccMupnzh.000013b8.o:.L458
                  0x00109c                  C:\Users\rbair\AppData\Local\Temp\ccMupnzh.000013b8.o:.L459
                  0x0010a8                  C:\Users\rbair\AppData\Local\Temp\ccMupnzh.000013b8.o:.L460
                  0x0010b4                  C:\Users\rbair\AppData\Local\Temp\ccMupnzh.000013b8.o:.L461
                  0x0010be                  C:\Users\rbair\AppData\Local\Temp\ccMupnzh.000013b8.o:.L462
                  0x0010ca                  C:\Users\rbair\AppData\Local\Temp\ccMupnzh.000013b8.o:.L463
                  0x0010d4                  C:\Users\rbair\AppData\Local\Temp\ccMupnzh.000013b8.o:.L464
                  0x0010e0                  C:\Users\rbair\AppData\Local\Temp\ccMupnzh.000013b8.o:.L465
                  0x0010ec                  C:\Users\rbair\AppData\Local\Temp\ccMupnzh.000013b8.o:.L466
                  0x001102                  C:\Users\rbair\AppData\Local\Temp\ccMupnzh.000013b8.o:.L467
                  0x00110e                  C:\Users\rbair\AppData\Local\Temp\ccMupnzh.000013b8.o:.L468
                  0x00111a                  C:\Users\rbair\AppData\Local\Temp\ccMupnzh.000013b8.o:.L469
                  0x001126                  C:\Users\rbair\AppData\Local\Temp\ccMupnzh.000013b8.o:.L470
                  0x001132                  C:\Users\rbair\AppData\Local\Temp\ccMupnzh.000013b8.o:.L471
                  0x00113e                  C:\Users\rbair\AppData\Local\Temp\ccMupnzh.000013b8.o:.L472
                  0x00114a                  C:\Users\rbair\AppData\Local\Temp\ccMupnzh.000013b8.o:.L473
                  0x001156                  C:\Users\rbair\AppData\Local\Temp\ccMupnzh.000013b8.o:.L474
                  0x001160                  C:\Users\rbair\AppData\Local\Temp\ccMupnzh.000013b8.o:.L475
                  0x001170                  C:\Users\rbair\AppData\Local\Temp\ccMupnzh.000013b8.o:.L476
                  0x00117c                  C:\Users\rbair\AppData\Local\Temp\ccMupnzh.000013b8.o:.L477
                  0x001188                  C:\Users\rbair\AppData\Local\Temp\ccMupnzh.000013b8.o:.L478
                  0x001194                  C:\Users\rbair\AppData\Local\Temp\ccMupnzh.000013b8.o:.L479
                  0x0011a0                  C:\Users\rbair\AppData\Local\Temp\ccMupnzh.000013b8.o:.L480
                  0x0011aa                  C:\Users\rbair\AppData\Local\Temp\ccMupnzh.000013b8.o:.L481
                  0x0011ba                  C:\Users\rbair\AppData\Local\Temp\ccMupnzh.000013b8.o:.L482
                  0x0011c6                  C:\Users\rbair\AppData\Local\Temp\ccMupnzh.000013b8.o:.L483
                  0x0011d2                  C:\Users\rbair\AppData\Local\Temp\ccMupnzh.000013b8.o:.L484
                  0x0011de                  C:\Users\rbair\AppData\Local\Temp\ccMupnzh.000013b8.o:.L485
                  0x0011e8                  C:\Users\rbair\AppData\Local\Temp\ccMupnzh.000013b8.o:.L486
                  0x0011f8                  C:\Users\rbair\AppData\Local\Temp\ccMupnzh.000013b8.o:.L487
                  0x001204                  C:\Users\rbair\AppData\Local\Temp\ccMupnzh.000013b8.o:.L488
                  0x001210                  C:\Users\rbair\AppData\Local\Temp\ccMupnzh.000013b8.o:.L489
                  0x00121c                  C:\Users\rbair\AppData\Local\Temp\ccMupnzh.000013b8.o:.L490
                  0x001226                  C:\Users\rbair\AppData\Local\Temp\ccMupnzh.000013b8.o:.L491
                  0x001236                  C:\Users\rbair\AppData\Local\Temp\ccMupnzh.000013b8.o:.L492
                  0x001260                  C:\Users\rbair\AppData\Local\Temp\ccMupnzh.000013b8.o:.L499
                  0x001270                  C:\Users\rbair\AppData\Local\Temp\ccMupnzh.000013b8.o:.L501
                  0x001282                  C:\Users\rbair\AppData\Local\Temp\ccMupnzh.000013b8.o:.L504
                  0x001294                  C:\Users\rbair\AppData\Local\Temp\ccMupnzh.000013b8.o:.L507
                  0x0012a6                  C:\Users\rbair\AppData\Local\Temp\ccMupnzh.000013b8.o:.L510
                  0x0012b8                  C:\Users\rbair\AppData\Local\Temp\ccMupnzh.000013b8.o:.L513
                  0x0012ca                  C:\Users\rbair\AppData\Local\Temp\ccMupnzh.000013b8.o:.L516
                  0x0012dc                  C:\Users\rbair\AppData\Local\Temp\ccMupnzh.000013b8.o:.L518
                  0x0012e8                  C:\Users\rbair\AppData\Local\Temp\ccMupnzh.000013b8.o:.L534
                  0x0012f2                  C:\Users\rbair\AppData\Local\Temp\ccMupnzh.000013b8.o:.L535
                  0x0012fc                  C:\Users\rbair\AppData\Local\Temp\ccMupnzh.000013b8.o:.L536
                  0x001306                  C:\Users\rbair\AppData\Local\Temp\ccMupnzh.000013b8.o:.L537
                  0x001310                  C:\Users\rbair\AppData\Local\Temp\ccMupnzh.000013b8.o:.L538
                  0x00131a                  C:\Users\rbair\AppData\Local\Temp\ccMupnzh.000013b8.o:.L539
                  0x001324                  C:\Users\rbair\AppData\Local\Temp\ccMupnzh.000013b8.o:.L540
                  0x00132e                  C:\Users\rbair\AppData\Local\Temp\ccMupnzh.000013b8.o:.L541
                  0x001338                  C:\Users\rbair\AppData\Local\Temp\ccMupnzh.000013b8.o:.L542
                  0x001342                  C:\Users\rbair\AppData\Local\Temp\ccMupnzh.000013b8.o:.L543
                  0x00134c                  C:\Users\rbair\AppData\Local\Temp\ccMupnzh.000013b8.o:.L544
                  0x001362                  C:\Users\rbair\AppData\Local\Temp\ccMupnzh.000013b8.o:.L547
                  0x00136e                  C:\Users\rbair\AppData\Local\Temp\ccMupnzh.000013b8.o:.L548
                  0x001384                  C:\Users\rbair\AppData\Local\Temp\ccMupnzh.000013b8.o:.L551
                  0x001390                  C:\Users\rbair\AppData\Local\Temp\ccMupnzh.000013b8.o:.L552
                  0x0013a6                  C:\Users\rbair\AppData\Local\Temp\ccMupnzh.000013b8.o:.L555
                  0x0013b2                  C:\Users\rbair\AppData\Local\Temp\ccMupnzh.000013b8.o:.L526
                  0x0013be                  C:\Users\rbair\AppData\Local\Temp\ccMupnzh.000013b8.o:.L527
                  0x0013ca                  C:\Users\rbair\AppData\Local\Temp\ccMupnzh.000013b8.o:.L528
                  0x0013d4                  C:\Users\rbair\AppData\Local\Temp\ccMupnzh.000013b8.o:.L529
                  0x0013de                  C:\Users\rbair\AppData\Local\Temp\ccMupnzh.000013b8.o:.L530
                  0x0013e8                  C:\Users\rbair\AppData\Local\Temp\ccMupnzh.000013b8.o:.L531
                  0x0013f2                  C:\Users\rbair\AppData\Local\Temp\ccMupnzh.000013b8.o:.L532
                  0x0013fc                  C:\Users\rbair\AppData\Local\Temp\ccMupnzh.000013b8.o:.L533
                  0x001406                  C:\Users\rbair\AppData\Local\Temp\ccMupnzh.000013b8.o:.L522
                  0x001410                  C:\Users\rbair\AppData\Local\Temp\ccMupnzh.000013b8.o:.L523
                  0x00141c                  C:\Users\rbair\AppData\Local\Temp\ccMupnzh.000013b8.o:.L524
                  0x001428                  C:\Users\rbair\AppData\Local\Temp\ccMupnzh.000013b8.o:.L525
                  0x001434                  C:\Users\rbair\AppData\Local\Temp\ccMupnzh.000013b8.o:.L519
                  0x001440                  C:\Users\rbair\AppData\Local\Temp\ccMupnzh.000013b8.o:.L520
 .isr             0x0015c8          0x4 default_isr
                  0x0015c8                  __DefaultInterrupt
 *(.libc)
 *(.libm)
 *(.libdsp)
 *(.lib*)
 .libpic30_crt_start_mode
                  0x0015cc          0x2 c:/program files/microchip/xc16/v2.10/bin/bin/../../lib\libc99-pic30-elf.a(crt_start_mode_normalch.Meo)
                  0x0015cc                  __crt_start_mode
                  0x0015cc                  __crt_start_mode_normal
 .libc.memcmp     0x0015ce         0x1c c:/program files/microchip/xc16/v2.10/bin/bin/../../lib\libc99-elf.a(memcmp.CH_o)
                  0x0015ce                  _memcmp
 *(.dinit)
 *(.text)
 .text            0x0015ea       0x15cc C:\Users\rbair\AppData\Local\Temp\ccMupnzh.000013b8.o
                  0x0015ea                  _updateTransport
                  0x001862                  _frameInit
                  0x0018fe                  _frameInitTitle
                  0x001936                  _CLC1_Initialize
                  0x00194c                  _CLC1_PositiveEdge_CallBack
                  0x00194e                  _CLC1_NegativeEdge_CallBack
                  0x001950                  _CLC1_PositiveEdge_Tasks
                  0x00195c                  _CLC1_NegativeEdge_Tasks
                  0x001968                  _CLC1_OutputStatusGet
                  0x00196e                  _INTERRUPT_Initialize
                  0x001974                  _CLOCK_Initialize
                  0x0019be                  _PIN_MANAGER_Initialize
                  0x001a48                  _SYSTEM_Initialize
                  0x001a84                  _PIN_MANAGER_enableInterrupt_On_Change
                  0x001a8a                  _RESET_GetCause
                  0x001a8e                  _RESET_CauseHandler
                  0x001aba                  _RESET_CauseClearAll
                  0x001abe                  _SPI1_Initialize
                  0x001ad6                  _SPI1_HighSpeed
                  0x001adc                  _SPI1_Exchange
                  0x001aee                  _SPI1_ExchangeBuffer
                  0x001b5c                  _SPI1_Exchange8bit
                  0x001b6c                  _SPI1_Exchange8bitBuffer
                  0x001b6e                  _SPI1_StatusGet
                  0x001b72                  _flash_led
                  0x001bae                  _TRAPS_halt_on_error
                  0x001bce                  _serialLED
                  0x001c06                  _copyFromFlash
                  0x001c46                  _setupTitle
                  0x001cc2                  _resetNewCode
                  0x001ce6                  _waitEndFrame
                  0x001cf6                  _coreInit
                  0x001d34                  _spiRec
                  0x001d48                  _chipSelectHigh
                  0x001d4c                  _chipSelectLow
                  0x001d50                  _sd_error
                  0x001d5a                  _cardCommand
                  0x001e0c                  _startBlockReady
                  0x001e1a                  _startReadBlock
                  0x001e3e                  _startReadBlockMulti
                  0x001e62                  _endReadBlockMulti
                  0x001e76                  _endReadBlock
                  0x001eaa                  _cardAcmd
                  0x001ec4                  _sdcard_init
                  0x001ff4                  _disk_read_block1
                  0x00200a                  _disk_read_block2
                  0x00201c                  _disk_initialize
                  0x00203a                  _ld_word
                  0x002044                  _ld_dword
                  0x002082                  _get_fat
                  0x0020e2                  _pf_mount
                  0x002310                  _pf_seek_block
                  0x002438                  _pf_open_first
                  0x0025a2                  _setupDisk
                  0x0025d8                  _pf_read_block
                  0x0025e8                  _prepareNextFrame
                  0x00263e                  _runFrameLoop
                  0x0026b2                  _runTitle
                  0x00273c                  _handleFirmwareUpdate
                  0x0028ea                  _updateInit
                  0x00291a                  _main
                  0x002966                  _updateVolume
                  0x0029b8                  _updateColor
                  0x002ba6                  _updateBuffer
 *(.init.delay32)
 .init.delay32    0x002bb6         0x1c c:/program files/microchip/xc16/v2.10/bin/bin/../../lib\libc99-pic30-elf.a(delay32ch.Meo)
                  0x002bb6                  ___delay32
 *(.title)
 .title           0x002bd2        0xb00 C:\Users\rbair\AppData\Local\Temp\cc7sN7ja.000013b8.o
                  0x002bd2                  _TitleGraph1
                  0x002e52                  _TitleGraph2
                  0x0030d2                  _TitleColor1
                  0x003352                  _TitleColor2
                  0x0035d2                  _TitleBackColor1
                  0x003652                  _TitleBackColor2
 *(.NVM_flash)
 .NVM_flash       0x0036d2        0x150 C:\Users\rbair\AppData\Local\Temp\cc7sN7ja.000013b8.o
                  0x0036d4                  _FLASH_Unlock
                  0x0036de                  _FLASH_Lock
                  0x0036ec                  _FLASH_SendNvmKey
                  0x003718                  _FLASH_ReadWord24
                  0x003726                  _FLASH_ReadWord16
                  0x003732                  _FLASH_ErasePage
                  0x00374e                  _FLASH_WriteDoubleWord24
                  0x003782                  _FLASH_WriteDoubleWord16
                  0x0037b8                  _FLASH_WriteRow24
                  0x0037da                  _FLASH_WriteRow16
                  0x003812                  _FLASH_GetErasePageOffset
                  0x003818                  _FLASH_GetErasePageAddress

.const              0xb822        0x974
 *(.const)
 .const             0xb822        0x974 C:\Users\rbair\AppData\Local\Temp\ccMupnzh.000013b8.o
                    0xb82e                  _brightLabelEven
                    0xb874                  _brightLabelOdd
                    0xb8ba                  _volumeLabelEven
                    0xb900                  _volumeLabelOdd
                    0xb946                  _levelBarsEvenData
                    0xbafe                  _levelBarsOddData
                    0xbcb6                  _scale0
                    0xbcc6                  _scale1
                    0xbcd6                  _scale2
                    0xbce6                  _scale3
                    0xbcf6                  _scale4
                    0xbd06                  _scale5
                    0xbd16                  _scale6
                    0xbd26                  _scale7
                    0xbd36                  _scale8
                    0xbd46                  _scale9
                    0xbd56                  _scale10
                    0xbd66                  _scaleList
                    0xbd7c                  _shiftBright

usercode
 *(usercode)

.newcode          0x004800          0x2
 *(.newcode)
 .newcode         0x004800          0x2 C:\Users\rbair\AppData\Local\Temp\ccMupnzh.000013b8.o
                  0x004800                  _main2

__FSEC            0x00af00          0x2
 *(__FSEC.sec*)
 __FSEC.sec       0x00af00          0x2 /CW/_FSEC
                  0x00af00                  __FSEC.sec

__FBSLIM
 *(__FBSLIM.sec*)

__FOSCSEL
 *(__FOSCSEL.sec*)

__FOSC
 *(__FOSC.sec*)

__FWDT
 *(__FWDT.sec*)

__FPOR
 *(__FPOR.sec*)

__FICD
 *(__FICD.sec*)

__FDMTIVTL
 *(__FDMTIVTL.sec*)

__FDMTIVTH
 *(__FDMTIVTH.sec*)

__FDMTCNTL
 *(__FDMTCNTL.sec*)

__FDMTCNTH
 *(__FDMTCNTH.sec*)

__FDMT
 *(__FDMT.sec*)

__FDEVOPT
 *(__FDEVOPT.sec*)

__FALTREG
 *(__FALTREG.sec*)

.comment
 *(.comment)

.debug_info       0x000000       0xcd3d
 *(.debug_info)
 .debug_info      0x000000       0xcd3d C:\Users\rbair\AppData\Local\Temp\ccMupnzh.000013b8.o
 *(.gnu.linkonce.wi.*)

.debug_abbrev     0x000000        0x4c7
 *(.debug_abbrev)
 .debug_abbrev    0x000000        0x4c7 C:\Users\rbair\AppData\Local\Temp\ccMupnzh.000013b8.o

.debug_line       0x000000       0x1424
 *(.debug_line)
 .debug_line      0x000000       0x1424 C:\Users\rbair\AppData\Local\Temp\ccMupnzh.000013b8.o

.debug_frame      0x000000        0x72c
 *(.debug_frame)
 .debug_frame     0x000000        0x72c C:\Users\rbair\AppData\Local\Temp\ccMupnzh.000013b8.o

.debug_str        0x000000        0xbb0
 *(.debug_str)
 .debug_str       0x000000        0xbb0 C:\Users\rbair\AppData\Local\Temp\ccMupnzh.000013b8.o

.debug_loc
 *(.debug_loc)

.debug_macinfo
 *(.debug_macinfo)

.debug_pubnames
                  0x000000        0x6f0
 *(.debug_pubnames)
 .debug_pubnames
                  0x000000        0x6f0 C:\Users\rbair\AppData\Local\Temp\ccMupnzh.000013b8.o

.debug_ranges
 *(.debug_ranges)

.debug_aranges    0x000000         0x50
 *(.debug_aranges)
 .debug_aranges
                  0x000000         0x50 C:\Users\rbair\AppData\Local\Temp\ccMupnzh.000013b8.o
                    0x0000                  WREG0 = 0x0
                    0x0000                  _WREG0 = 0x0
                    0x0002                  WREG1 = 0x2
                    0x0002                  _WREG1 = 0x2
                    0x0004                  WREG2 = 0x4
                    0x0004                  _WREG2 = 0x4
                    0x0006                  WREG3 = 0x6
                    0x0006                  _WREG3 = 0x6
                    0x0008                  WREG4 = 0x8
                    0x0008                  _WREG4 = 0x8
                    0x000a                  WREG5 = 0xa
                    0x000a                  _WREG5 = 0xa
                    0x000c                  WREG6 = 0xc
                    0x000c                  _WREG6 = 0xc
                    0x000e                  WREG7 = 0xe
                    0x000e                  _WREG7 = 0xe
                    0x0010                  WREG8 = 0x10
                    0x0010                  _WREG8 = 0x10
                    0x0012                  WREG9 = 0x12
                    0x0012                  _WREG9 = 0x12
                    0x0014                  WREG10 = 0x14
                    0x0014                  _WREG10 = 0x14
                    0x0016                  WREG11 = 0x16
                    0x0016                  _WREG11 = 0x16
                    0x0018                  WREG12 = 0x18
                    0x0018                  _WREG12 = 0x18
                    0x001a                  WREG13 = 0x1a
                    0x001a                  _WREG13 = 0x1a
                    0x001c                  WREG14 = 0x1c
                    0x001c                  _WREG14 = 0x1c
                    0x001e                  WREG15 = 0x1e
                    0x001e                  _WREG15 = 0x1e
                    0x0020                  SPLIM = 0x20
                    0x0020                  _SPLIM = 0x20
                    0x0022                  ACCAL = 0x22
                    0x0022                  _ACCAL = 0x22
                    0x0024                  ACCAH = 0x24
                    0x0024                  _ACCAH = 0x24
                    0x0026                  ACCAU = 0x26
                    0x0026                  _ACCAU = 0x26
                    0x0028                  ACCBL = 0x28
                    0x0028                  _ACCBL = 0x28
                    0x002a                  ACCBH = 0x2a
                    0x002a                  _ACCBH = 0x2a
                    0x002c                  ACCBU = 0x2c
                    0x002c                  _ACCBU = 0x2c
                    0x002e                  PCL = 0x2e
                    0x002e                  _PCL = 0x2e
                    0x0030                  PCH = 0x30
                    0x0030                  _PCH = 0x30
                    0x0032                  DSRPAG = 0x32
                    0x0032                  _DSRPAG = 0x32
                    0x0032                  _DSRPAGbits = 0x32
                    0x0034                  DSWPAG = 0x34
                    0x0034                  _DSWPAG = 0x34
                    0x0034                  _DSWPAGbits = 0x34
                    0x0036                  RCOUNT = 0x36
                    0x0036                  _RCOUNT = 0x36
                    0x0038                  DCOUNT = 0x38
                    0x0038                  _DCOUNT = 0x38
                    0x003a                  DOSTARTL = 0x3a
                    0x003a                  _DOSTARTL = 0x3a
                    0x003c                  DOSTARTH = 0x3c
                    0x003c                  _DOSTARTH = 0x3c
                    0x003e                  DOENDL = 0x3e
                    0x003e                  _DOENDL = 0x3e
                    0x0040                  DOENDH = 0x40
                    0x0040                  _DOENDH = 0x40
                    0x0042                  SR = 0x42
                    0x0042                  _SR = 0x42
                    0x0042                  _SRbits = 0x42
                    0x0044                  CORCON = 0x44
                    0x0044                  _CORCON = 0x44
                    0x0044                  _CORCONbits = 0x44
                    0x0046                  MODCON = 0x46
                    0x0046                  _MODCON = 0x46
                    0x0046                  _MODCONbits = 0x46
                    0x0048                  XMODSRT = 0x48
                    0x0048                  _XMODSRT = 0x48
                    0x004a                  XMODEND = 0x4a
                    0x004a                  _XMODEND = 0x4a
                    0x004c                  YMODSRT = 0x4c
                    0x004c                  _YMODSRT = 0x4c
                    0x004e                  YMODEND = 0x4e
                    0x004e                  _YMODEND = 0x4e
                    0x0050                  XBREV = 0x50
                    0x0050                  _XBREV = 0x50
                    0x0050                  _XBREVbits = 0x50
                    0x0052                  DISICNT = 0x52
                    0x0052                  _DISICNT = 0x52
                    0x0054                  TBLPAG = 0x54
                    0x0054                  _TBLPAG = 0x54
                    0x0054                  _TBLPAGbits = 0x54
                    0x0056                  YPAG = 0x56
                    0x0056                  _YPAG = 0x56
                    0x0056                  _YPAGbits = 0x56
                    0x0058                  MSTRPR = 0x58
                    0x0058                  _MSTRPR = 0x58
                    0x0058                  _MSTRPRbits = 0x58
                    0x005a                  CTXTSTAT = 0x5a
                    0x005a                  _CTXTSTAT = 0x5a
                    0x005a                  _CTXTSTATbits = 0x5a
                    0x005c                  DMTCON = 0x5c
                    0x005c                  _DMTCON = 0x5c
                    0x005c                  _DMTCONbits = 0x5c
                    0x0060                  DMTPRECLR = 0x60
                    0x0060                  _DMTPRECLR = 0x60
                    0x0060                  _DMTPRECLRbits = 0x60
                    0x0064                  DMTCLR = 0x64
                    0x0064                  _DMTCLR = 0x64
                    0x0064                  _DMTCLRbits = 0x64
                    0x0068                  DMTSTAT = 0x68
                    0x0068                  _DMTSTAT = 0x68
                    0x0068                  _DMTSTATbits = 0x68
                    0x006c                  DMTCNTL = 0x6c
                    0x006c                  _DMTCNTL = 0x6c
                    0x006e                  DMTCNTH = 0x6e
                    0x006e                  _DMTCNTH = 0x6e
                    0x0070                  DMTHOLDREG = 0x70
                    0x0070                  _DMTHOLDREG = 0x70
                    0x0074                  DMTPSCNTL = 0x74
                    0x0074                  _DMTPSCNTL = 0x74
                    0x0076                  DMTPSCNTH = 0x76
                    0x0076                  _DMTPSCNTH = 0x76
                    0x0078                  DMTPSINTVL = 0x78
                    0x0078                  _DMTPSINTVL = 0x78
                    0x007a                  DMTPSINTVH = 0x7a
                    0x007a                  _DMTPSINTVH = 0x7a
                    0x0080                  SENT1CON1 = 0x80
                    0x0080                  _SENT1CON1 = 0x80
                    0x0080                  _SENT1CON1bits = 0x80
                    0x0084                  SENT1CON2 = 0x84
                    0x0084                  _SENT1CON2 = 0x84
                    0x0088                  SENT1CON3 = 0x88
                    0x0088                  _SENT1CON3 = 0x88
                    0x008c                  SENT1STAT = 0x8c
                    0x008c                  _SENT1STAT = 0x8c
                    0x008c                  _SENT1STATbits = 0x8c
                    0x0090                  SENT1SYNC = 0x90
                    0x0090                  _SENT1SYNC = 0x90
                    0x0094                  SENT1DATL = 0x94
                    0x0094                  _SENT1DATL = 0x94
                    0x0094                  _SENT1DATLbits = 0x94
                    0x0096                  SENT1DATH = 0x96
                    0x0096                  _SENT1DATH = 0x96
                    0x0096                  _SENT1DATHbits = 0x96
                    0x00b0                  CRCCON1 = 0xb0
                    0x00b0                  _CRCCON1 = 0xb0
                    0x00b0                  _CRCCON1bits = 0xb0
                    0x00b0                  CRCCONL = 0xb0
                    0x00b0                  _CRCCONL = 0xb0
                    0x00b0                  _CRCCONLbits = 0xb0
                    0x00b2                  CRCCON2 = 0xb2
                    0x00b2                  _CRCCON2 = 0xb2
                    0x00b2                  _CRCCON2bits = 0xb2
                    0x00b2                  CRCCONH = 0xb2
                    0x00b2                  _CRCCONH = 0xb2
                    0x00b2                  _CRCCONHbits = 0xb2
                    0x00b4                  CRCXORL = 0xb4
                    0x00b4                  _CRCXORL = 0xb4
                    0x00b4                  _CRCXORLbits = 0xb4
                    0x00b6                  CRCXORH = 0xb6
                    0x00b6                  _CRCXORH = 0xb6
                    0x00b6                  _CRCXORHbits = 0xb6
                    0x00b8                  CRCDATL = 0xb8
                    0x00b8                  _CRCDATL = 0xb8
                    0x00ba                  CRCDATH = 0xba
                    0x00ba                  _CRCDATH = 0xba
                    0x00bc                  CRCWDATL = 0xbc
                    0x00bc                  _CRCWDATL = 0xbc
                    0x00be                  CRCWDATH = 0xbe
                    0x00be                  _CRCWDATH = 0xbe
                    0x00c0                  CLC1CONL = 0xc0
                    0x00c0                  _CLC1CONL = 0xc0
                    0x00c0                  _CLC1CONLbits = 0xc0
                    0x00c2                  CLC1CONH = 0xc2
                    0x00c2                  _CLC1CONH = 0xc2
                    0x00c2                  _CLC1CONHbits = 0xc2
                    0x00c4                  CLC1SEL = 0xc4
                    0x00c4                  _CLC1SEL = 0xc4
                    0x00c4                  _CLC1SELbits = 0xc4
                    0x00c4                  CLC1SELL = 0xc4
                    0x00c4                  _CLC1SELL = 0xc4
                    0x00c4                  _CLC1SELLbits = 0xc4
                    0x00c8                  CLC1GLSL = 0xc8
                    0x00c8                  _CLC1GLSL = 0xc8
                    0x00c8                  _CLC1GLSLbits = 0xc8
                    0x00ca                  CLC1GLSH = 0xca
                    0x00ca                  _CLC1GLSH = 0xca
                    0x00ca                  _CLC1GLSHbits = 0xca
                    0x00cc                  CLC2CONL = 0xcc
                    0x00cc                  _CLC2CONL = 0xcc
                    0x00cc                  _CLC2CONLbits = 0xcc
                    0x00ce                  CLC2CONH = 0xce
                    0x00ce                  _CLC2CONH = 0xce
                    0x00ce                  _CLC2CONHbits = 0xce
                    0x00d0                  CLC2SEL = 0xd0
                    0x00d0                  _CLC2SEL = 0xd0
                    0x00d0                  _CLC2SELbits = 0xd0
                    0x00d0                  CLC2SELL = 0xd0
                    0x00d0                  _CLC2SELL = 0xd0
                    0x00d0                  _CLC2SELLbits = 0xd0
                    0x00d4                  CLC2GLSL = 0xd4
                    0x00d4                  _CLC2GLSL = 0xd4
                    0x00d4                  _CLC2GLSLbits = 0xd4
                    0x00d6                  CLC2GLSH = 0xd6
                    0x00d6                  _CLC2GLSH = 0xd6
                    0x00d6                  _CLC2GLSHbits = 0xd6
                    0x00d8                  CLC3CONL = 0xd8
                    0x00d8                  _CLC3CONL = 0xd8
                    0x00d8                  _CLC3CONLbits = 0xd8
                    0x00da                  CLC3CONH = 0xda
                    0x00da                  _CLC3CONH = 0xda
                    0x00da                  _CLC3CONHbits = 0xda
                    0x00dc                  CLC3SEL = 0xdc
                    0x00dc                  _CLC3SEL = 0xdc
                    0x00dc                  _CLC3SELbits = 0xdc
                    0x00dc                  CLC3SELL = 0xdc
                    0x00dc                  _CLC3SELL = 0xdc
                    0x00dc                  _CLC3SELLbits = 0xdc
                    0x00e0                  CLC3GLSL = 0xe0
                    0x00e0                  _CLC3GLSL = 0xe0
                    0x00e0                  _CLC3GLSLbits = 0xe0
                    0x00e2                  CLC3GLSH = 0xe2
                    0x00e2                  _CLC3GLSH = 0xe2
                    0x00e2                  _CLC3GLSHbits = 0xe2
                    0x00e4                  CLC4CONL = 0xe4
                    0x00e4                  _CLC4CONL = 0xe4
                    0x00e4                  _CLC4CONLbits = 0xe4
                    0x00e6                  CLC4CONH = 0xe6
                    0x00e6                  _CLC4CONH = 0xe6
                    0x00e6                  _CLC4CONHbits = 0xe6
                    0x00e8                  CLC4SEL = 0xe8
                    0x00e8                  _CLC4SEL = 0xe8
                    0x00e8                  _CLC4SELbits = 0xe8
                    0x00e8                  CLC4SELL = 0xe8
                    0x00e8                  _CLC4SELL = 0xe8
                    0x00e8                  _CLC4SELLbits = 0xe8
                    0x00ec                  CLC4GLSL = 0xec
                    0x00ec                  _CLC4GLSL = 0xec
                    0x00ec                  _CLC4GLSLbits = 0xec
                    0x00ee                  CLC4GLSH = 0xee
                    0x00ee                  _CLC4GLSH = 0xee
                    0x00ee                  _CLC4GLSHbits = 0xee
                    0x00f0                  ECCCONL = 0xf0
                    0x00f0                  _ECCCONL = 0xf0
                    0x00f0                  _ECCCONLbits = 0xf0
                    0x00f2                  ECCCONH = 0xf2
                    0x00f2                  _ECCCONH = 0xf2
                    0x00f2                  _ECCCONHbits = 0xf2
                    0x00f4                  ECCADDRL = 0xf4
                    0x00f4                  _ECCADDRL = 0xf4
                    0x00f6                  ECCADDRH = 0xf6
                    0x00f6                  _ECCADDRH = 0xf6
                    0x00f8                  ECCSTATL = 0xf8
                    0x00f8                  _ECCSTATL = 0xf8
                    0x00f8                  _ECCSTATLbits = 0xf8
                    0x00fa                  ECCSTATH = 0xfa
                    0x00fa                  _ECCSTATH = 0xfa
                    0x00fa                  _ECCSTATHbits = 0xfa
                    0x0100                  T1CON = 0x100
                    0x0100                  _T1CON = 0x100
                    0x0100                  _T1CONbits = 0x100
                    0x0104                  TMR1 = 0x104
                    0x0104                  _TMR1 = 0x104
                    0x0108                  PR1 = 0x108
                    0x0108                  _PR1 = 0x108
                    0x0140                  QEI1CON = 0x140
                    0x0140                  _QEI1CON = 0x140
                    0x0140                  _QEI1CONbits = 0x140
                    0x0144                  QEI1IOC = 0x144
                    0x0144                  _QEI1IOC = 0x144
                    0x0144                  _QEI1IOCbits = 0x144
                    0x0146                  QEI1IOCH = 0x146
                    0x0146                  _QEI1IOCH = 0x146
                    0x0146                  _QEI1IOCHbits = 0x146
                    0x0148                  QEI1STAT = 0x148
                    0x0148                  _QEI1STAT = 0x148
                    0x0148                  _QEI1STATbits = 0x148
                    0x014c                  POS1CNTL = 0x14c
                    0x014c                  _POS1CNTL = 0x14c
                    0x014e                  POS1CNTH = 0x14e
                    0x014e                  _POS1CNTH = 0x14e
                    0x0152                  POS1HLD = 0x152
                    0x0152                  _POS1HLD = 0x152
                    0x0154                  VEL1CNT = 0x154
                    0x0154                  _VEL1CNT = 0x154
                    0x0156                  VEL1CNTH = 0x156
                    0x0156                  _VEL1CNTH = 0x156
                    0x015a                  VEL1HLD = 0x15a
                    0x015a                  _VEL1HLD = 0x15a
                    0x015c                  INT1TMRL = 0x15c
                    0x015c                  _INT1TMRL = 0x15c
                    0x015e                  INT1TMRH = 0x15e
                    0x015e                  _INT1TMRH = 0x15e
                    0x0160                  INT1HLDL = 0x160
                    0x0160                  _INT1HLDL = 0x160
                    0x0162                  INT1HLDH = 0x162
                    0x0162                  _INT1HLDH = 0x162
                    0x0164                  INDX1CNTL = 0x164
                    0x0164                  _INDX1CNTL = 0x164
                    0x0166                  INDX1CNTH = 0x166
                    0x0166                  _INDX1CNTH = 0x166
                    0x016a                  INDX1HLD = 0x16a
                    0x016a                  _INDX1HLD = 0x16a
                    0x016c                  QEI1GECL = 0x16c
                    0x016c                  _QEI1GECL = 0x16c
                    0x016c                  QEI1ICL = 0x16c
                    0x016c                  _QEI1ICL = 0x16c
                    0x016e                  QEI1GECH = 0x16e
                    0x016e                  _QEI1GECH = 0x16e
                    0x016e                  QEI1ICH = 0x16e
                    0x016e                  _QEI1ICH = 0x16e
                    0x0170                  QEI1LECL = 0x170
                    0x0170                  _QEI1LECL = 0x170
                    0x0172                  QEI1LECH = 0x172
                    0x0172                  _QEI1LECH = 0x172
                    0x0200                  I2C1CON1 = 0x200
                    0x0200                  _I2C1CON1 = 0x200
                    0x0200                  _I2C1CON1bits = 0x200
                    0x0200                  I2C1CONL = 0x200
                    0x0200                  _I2C1CONL = 0x200
                    0x0200                  _I2C1CONLbits = 0x200
                    0x0202                  I2C1CON2 = 0x202
                    0x0202                  _I2C1CON2 = 0x202
                    0x0202                  _I2C1CON2bits = 0x202
                    0x0202                  I2C1CONH = 0x202
                    0x0202                  _I2C1CONH = 0x202
                    0x0202                  _I2C1CONHbits = 0x202
                    0x0204                  I2C1STAT = 0x204
                    0x0204                  _I2C1STAT = 0x204
                    0x0204                  _I2C1STATbits = 0x204
                    0x0208                  I2C1ADD = 0x208
                    0x0208                  _I2C1ADD = 0x208
                    0x0208                  _I2C1ADDbits = 0x208
                    0x020c                  I2C1MSK = 0x20c
                    0x020c                  _I2C1MSK = 0x20c
                    0x020c                  _I2C1MSKbits = 0x20c
                    0x0210                  I2C1BRG = 0x210
                    0x0210                  _I2C1BRG = 0x210
                    0x0214                  I2C1TRN = 0x214
                    0x0214                  _I2C1TRN = 0x214
                    0x0214                  _I2C1TRNbits = 0x214
                    0x0218                  I2C1RCV = 0x218
                    0x0218                  _I2C1RCV = 0x218
                    0x0218                  _I2C1RCVbits = 0x218
                    0x0238                  U1MODE = 0x238
                    0x0238                  _U1MODE = 0x238
                    0x0238                  _U1MODEbits = 0x238
                    0x023a                  U1MODEH = 0x23a
                    0x023a                  _U1MODEH = 0x23a
                    0x023a                  _U1MODEHbits = 0x23a
                    0x023c                  U1STA = 0x23c
                    0x023c                  _U1STA = 0x23c
                    0x023c                  _U1STAbits = 0x23c
                    0x023e                  U1STAH = 0x23e
                    0x023e                  _U1STAH = 0x23e
                    0x023e                  _U1STAHbits = 0x23e
                    0x0240                  U1BRG = 0x240
                    0x0240                  _U1BRG = 0x240
                    0x0240                  _U1BRGbits = 0x240
                    0x0242                  U1BRGH = 0x242
                    0x0242                  _U1BRGH = 0x242
                    0x0242                  _U1BRGHbits = 0x242
                    0x0244                  U1RXREG = 0x244
                    0x0244                  _U1RXREG = 0x244
                    0x0244                  _U1RXREGbits = 0x244
                    0x0248                  U1TXREG = 0x248
                    0x0248                  _U1TXREG = 0x248
                    0x0248                  _U1TXREGbits = 0x248
                    0x024c                  U1P1 = 0x24c
                    0x024c                  _U1P1 = 0x24c
                    0x024c                  _U1P1bits = 0x24c
                    0x024e                  U1P2 = 0x24e
                    0x024e                  _U1P2 = 0x24e
                    0x024e                  _U1P2bits = 0x24e
                    0x0250                  U1P3 = 0x250
                    0x0250                  _U1P3 = 0x250
                    0x0250                  _U1P3bits = 0x250
                    0x0252                  U1P3H = 0x252
                    0x0252                  _U1P3H = 0x252
                    0x0252                  _U1P3Hbits = 0x252
                    0x0254                  U1TXCHK = 0x254
                    0x0254                  _U1TXCHK = 0x254
                    0x0254                  _U1TXCHKbits = 0x254
                    0x0256                  U1RXCHK = 0x256
                    0x0256                  _U1RXCHK = 0x256
                    0x0256                  _U1RXCHKbits = 0x256
                    0x0258                  U1SCCON = 0x258
                    0x0258                  _U1SCCON = 0x258
                    0x0258                  _U1SCCONbits = 0x258
                    0x025a                  U1SCINT = 0x25a
                    0x025a                  _U1SCINT = 0x25a
                    0x025a                  _U1SCINTbits = 0x25a
                    0x025c                  U1INT = 0x25c
                    0x025c                  _U1INT = 0x25c
                    0x025c                  _U1INTbits = 0x25c
                    0x0260                  U2MODE = 0x260
                    0x0260                  _U2MODE = 0x260
                    0x0260                  _U2MODEbits = 0x260
                    0x0262                  U2MODEH = 0x262
                    0x0262                  _U2MODEH = 0x262
                    0x0262                  _U2MODEHbits = 0x262
                    0x0264                  U2STA = 0x264
                    0x0264                  _U2STA = 0x264
                    0x0264                  _U2STAbits = 0x264
                    0x0266                  U2STAH = 0x266
                    0x0266                  _U2STAH = 0x266
                    0x0266                  _U2STAHbits = 0x266
                    0x0268                  U2BRG = 0x268
                    0x0268                  _U2BRG = 0x268
                    0x0268                  _U2BRGbits = 0x268
                    0x026a                  U2BRGH = 0x26a
                    0x026a                  _U2BRGH = 0x26a
                    0x026a                  _U2BRGHbits = 0x26a
                    0x026c                  U2RXREG = 0x26c
                    0x026c                  _U2RXREG = 0x26c
                    0x026c                  _U2RXREGbits = 0x26c
                    0x0270                  U2TXREG = 0x270
                    0x0270                  _U2TXREG = 0x270
                    0x0270                  _U2TXREGbits = 0x270
                    0x0274                  U2P1 = 0x274
                    0x0274                  _U2P1 = 0x274
                    0x0274                  _U2P1bits = 0x274
                    0x0276                  U2P2 = 0x276
                    0x0276                  _U2P2 = 0x276
                    0x0276                  _U2P2bits = 0x276
                    0x0278                  U2P3 = 0x278
                    0x0278                  _U2P3 = 0x278
                    0x0278                  _U2P3bits = 0x278
                    0x027a                  U2P3H = 0x27a
                    0x027a                  _U2P3H = 0x27a
                    0x027a                  _U2P3Hbits = 0x27a
                    0x027c                  U2TXCHK = 0x27c
                    0x027c                  _U2TXCHK = 0x27c
                    0x027c                  _U2TXCHKbits = 0x27c
                    0x027e                  U2RXCHK = 0x27e
                    0x027e                  _U2RXCHK = 0x27e
                    0x027e                  _U2RXCHKbits = 0x27e
                    0x0280                  U2SCCON = 0x280
                    0x0280                  _U2SCCON = 0x280
                    0x0280                  _U2SCCONbits = 0x280
                    0x0282                  U2SCINT = 0x282
                    0x0282                  _U2SCINT = 0x282
                    0x0282                  _U2SCINTbits = 0x282
                    0x0284                  U2INT = 0x284
                    0x0284                  _U2INT = 0x284
                    0x0284                  _U2INTbits = 0x284
                    0x02ac                  SPI1CON1 = 0x2ac
                    0x02ac                  _SPI1CON1 = 0x2ac
                    0x02ac                  _SPI1CON1bits = 0x2ac
                    0x02ac                  SPI1CON1L = 0x2ac
                    0x02ac                  _SPI1CON1L = 0x2ac
                    0x02ac                  _SPI1CON1Lbits = 0x2ac
                    0x02ae                  SPI1CON1H = 0x2ae
                    0x02ae                  _SPI1CON1H = 0x2ae
                    0x02ae                  _SPI1CON1Hbits = 0x2ae
                    0x02ae                  SPI1CON2 = 0x2ae
                    0x02ae                  _SPI1CON2 = 0x2ae
                    0x02ae                  _SPI1CON2bits = 0x2ae
                    0x02b0                  SPI1CON2L = 0x2b0
                    0x02b0                  _SPI1CON2L = 0x2b0
                    0x02b0                  _SPI1CON2Lbits = 0x2b0
                    0x02b0                  SPI1CON3 = 0x2b0
                    0x02b0                  _SPI1CON3 = 0x2b0
                    0x02b0                  _SPI1CON3bits = 0x2b0
                    0x02b4                  SPI1STATL = 0x2b4
                    0x02b4                  _SPI1STATL = 0x2b4
                    0x02b4                  _SPI1STATLbits = 0x2b4
                    0x02b6                  SPI1STATH = 0x2b6
                    0x02b6                  _SPI1STATH = 0x2b6
                    0x02b6                  _SPI1STATHbits = 0x2b6
                    0x02b8                  SPI1BUFL = 0x2b8
                    0x02b8                  _SPI1BUFL = 0x2b8
                    0x02b8                  _SPI1BUFLbits = 0x2b8
                    0x02ba                  SPI1BUFH = 0x2ba
                    0x02ba                  _SPI1BUFH = 0x2ba
                    0x02ba                  _SPI1BUFHbits = 0x2ba
                    0x02bc                  SPI1BRGL = 0x2bc
                    0x02bc                  _SPI1BRGL = 0x2bc
                    0x02bc                  _SPI1BRGLbits = 0x2bc
                    0x02c0                  SPI1IMSK1 = 0x2c0
                    0x02c0                  _SPI1IMSK1 = 0x2c0
                    0x02c0                  _SPI1IMSK1bits = 0x2c0
                    0x02c0                  SPI1IMSKL = 0x2c0
                    0x02c0                  _SPI1IMSKL = 0x2c0
                    0x02c0                  _SPI1IMSKLbits = 0x2c0
                    0x02c2                  SPI1IMSK2 = 0x2c2
                    0x02c2                  _SPI1IMSK2 = 0x2c2
                    0x02c2                  _SPI1IMSK2bits = 0x2c2
                    0x02c2                  SPI1IMSKH = 0x2c2
                    0x02c2                  _SPI1IMSKH = 0x2c2
                    0x02c2                  _SPI1IMSKHbits = 0x2c2
                    0x02c4                  SPI1URDTL = 0x2c4
                    0x02c4                  _SPI1URDTL = 0x2c4
                    0x02c4                  _SPI1URDTLbits = 0x2c4
                    0x02c6                  SPI1URDTH = 0x2c6
                    0x02c6                  _SPI1URDTH = 0x2c6
                    0x02c6                  _SPI1URDTHbits = 0x2c6
                    0x02c8                  SPI2CON1 = 0x2c8
                    0x02c8                  _SPI2CON1 = 0x2c8
                    0x02c8                  _SPI2CON1bits = 0x2c8
                    0x02c8                  SPI2CON1L = 0x2c8
                    0x02c8                  _SPI2CON1L = 0x2c8
                    0x02c8                  _SPI2CON1Lbits = 0x2c8
                    0x02ca                  SPI2CON1H = 0x2ca
                    0x02ca                  _SPI2CON1H = 0x2ca
                    0x02ca                  _SPI2CON1Hbits = 0x2ca
                    0x02ca                  SPI2CON2 = 0x2ca
                    0x02ca                  _SPI2CON2 = 0x2ca
                    0x02ca                  _SPI2CON2bits = 0x2ca
                    0x02cc                  SPI2CON2L = 0x2cc
                    0x02cc                  _SPI2CON2L = 0x2cc
                    0x02cc                  _SPI2CON2Lbits = 0x2cc
                    0x02cc                  SPI2CON3 = 0x2cc
                    0x02cc                  _SPI2CON3 = 0x2cc
                    0x02cc                  _SPI2CON3bits = 0x2cc
                    0x02d0                  SPI2STATL = 0x2d0
                    0x02d0                  _SPI2STATL = 0x2d0
                    0x02d0                  _SPI2STATLbits = 0x2d0
                    0x02d2                  SPI2STATH = 0x2d2
                    0x02d2                  _SPI2STATH = 0x2d2
                    0x02d2                  _SPI2STATHbits = 0x2d2
                    0x02d4                  SPI2BUFL = 0x2d4
                    0x02d4                  _SPI2BUFL = 0x2d4
                    0x02d4                  _SPI2BUFLbits = 0x2d4
                    0x02d6                  SPI2BUFH = 0x2d6
                    0x02d6                  _SPI2BUFH = 0x2d6
                    0x02d6                  _SPI2BUFHbits = 0x2d6
                    0x02d8                  SPI2BRGL = 0x2d8
                    0x02d8                  _SPI2BRGL = 0x2d8
                    0x02d8                  _SPI2BRGLbits = 0x2d8
                    0x02dc                  SPI2IMSK1 = 0x2dc
                    0x02dc                  _SPI2IMSK1 = 0x2dc
                    0x02dc                  _SPI2IMSK1bits = 0x2dc
                    0x02dc                  SPI2IMSKL = 0x2dc
                    0x02dc                  _SPI2IMSKL = 0x2dc
                    0x02dc                  _SPI2IMSKLbits = 0x2dc
                    0x02de                  SPI2IMSK2 = 0x2de
                    0x02de                  _SPI2IMSK2 = 0x2de
                    0x02de                  _SPI2IMSK2bits = 0x2de
                    0x02de                  SPI2IMSKH = 0x2de
                    0x02de                  _SPI2IMSKH = 0x2de
                    0x02de                  _SPI2IMSKHbits = 0x2de
                    0x02e0                  SPI2URDTL = 0x2e0
                    0x02e0                  _SPI2URDTL = 0x2e0
                    0x02e0                  _SPI2URDTLbits = 0x2e0
                    0x02e2                  SPI2URDTH = 0x2e2
                    0x02e2                  _SPI2URDTH = 0x2e2
                    0x02e2                  _SPI2URDTHbits = 0x2e2
                    0x0300                  PCLKCON = 0x300
                    0x0300                  _PCLKCON = 0x300
                    0x0300                  _PCLKCONbits = 0x300
                    0x0302                  FSCL = 0x302
                    0x0302                  _FSCL = 0x302
                    0x0304                  FSMINPER = 0x304
                    0x0304                  _FSMINPER = 0x304
                    0x0306                  MPHASE = 0x306
                    0x0306                  _MPHASE = 0x306
                    0x0308                  MDC = 0x308
                    0x0308                  _MDC = 0x308
                    0x030a                  MPER = 0x30a
                    0x030a                  _MPER = 0x30a
                    0x030c                  LFSR = 0x30c
                    0x030c                  _LFSR = 0x30c
                    0x030c                  _LFSRbits = 0x30c
                    0x030e                  CMBTRIGL = 0x30e
                    0x030e                  _CMBTRIGL = 0x30e
                    0x030e                  _CMBTRIGLbits = 0x30e
                    0x0310                  CMBTRIGH = 0x310
                    0x0310                  _CMBTRIGH = 0x310
                    0x0310                  _CMBTRIGHbits = 0x310
                    0x0312                  LOGCONA = 0x312
                    0x0312                  _LOGCONA = 0x312
                    0x0312                  _LOGCONAbits = 0x312
                    0x0314                  LOGCONB = 0x314
                    0x0314                  _LOGCONB = 0x314
                    0x0314                  _LOGCONBbits = 0x314
                    0x0316                  LOGCONC = 0x316
                    0x0316                  _LOGCONC = 0x316
                    0x0316                  _LOGCONCbits = 0x316
                    0x0318                  LOGCOND = 0x318
                    0x0318                  _LOGCOND = 0x318
                    0x0318                  _LOGCONDbits = 0x318
                    0x031a                  LOGCONE = 0x31a
                    0x031a                  _LOGCONE = 0x31a
                    0x031a                  _LOGCONEbits = 0x31a
                    0x031c                  LOGCONF = 0x31c
                    0x031c                  _LOGCONF = 0x31c
                    0x031c                  _LOGCONFbits = 0x31c
                    0x031e                  PWMEVTA = 0x31e
                    0x031e                  _PWMEVTA = 0x31e
                    0x031e                  _PWMEVTAbits = 0x31e
                    0x0320                  PWMEVTB = 0x320
                    0x0320                  _PWMEVTB = 0x320
                    0x0320                  _PWMEVTBbits = 0x320
                    0x0322                  PWMEVTC = 0x322
                    0x0322                  _PWMEVTC = 0x322
                    0x0322                  _PWMEVTCbits = 0x322
                    0x0324                  PWMEVTD = 0x324
                    0x0324                  _PWMEVTD = 0x324
                    0x0324                  _PWMEVTDbits = 0x324
                    0x0326                  PWMEVTE = 0x326
                    0x0326                  _PWMEVTE = 0x326
                    0x0326                  _PWMEVTEbits = 0x326
                    0x0328                  PWMEVTF = 0x328
                    0x0328                  _PWMEVTF = 0x328
                    0x0328                  _PWMEVTFbits = 0x328
                    0x032a                  PG1CONL = 0x32a
                    0x032a                  _PG1CONL = 0x32a
                    0x032a                  _PG1CONLbits = 0x32a
                    0x032c                  PG1CONH = 0x32c
                    0x032c                  _PG1CONH = 0x32c
                    0x032c                  _PG1CONHbits = 0x32c
                    0x032e                  PG1STAT = 0x32e
                    0x032e                  _PG1STAT = 0x32e
                    0x032e                  _PG1STATbits = 0x32e
                    0x0330                  PG1IOCONL = 0x330
                    0x0330                  _PG1IOCONL = 0x330
                    0x0330                  _PG1IOCONLbits = 0x330
                    0x0332                  PG1IOCONH = 0x332
                    0x0332                  _PG1IOCONH = 0x332
                    0x0332                  _PG1IOCONHbits = 0x332
                    0x0334                  PG1EVTL = 0x334
                    0x0334                  _PG1EVTL = 0x334
                    0x0334                  _PG1EVTLbits = 0x334
                    0x0336                  PG1EVTH = 0x336
                    0x0336                  _PG1EVTH = 0x336
                    0x0336                  _PG1EVTHbits = 0x336
                    0x0338                  PG1FPCIL = 0x338
                    0x0338                  _PG1FPCIL = 0x338
                    0x0338                  _PG1FPCILbits = 0x338
                    0x033a                  PG1FPCIH = 0x33a
                    0x033a                  _PG1FPCIH = 0x33a
                    0x033a                  _PG1FPCIHbits = 0x33a
                    0x033c                  PG1CLPCIL = 0x33c
                    0x033c                  _PG1CLPCIL = 0x33c
                    0x033c                  _PG1CLPCILbits = 0x33c
                    0x033e                  PG1CLPCIH = 0x33e
                    0x033e                  _PG1CLPCIH = 0x33e
                    0x033e                  _PG1CLPCIHbits = 0x33e
                    0x0340                  PG1FFPCIL = 0x340
                    0x0340                  _PG1FFPCIL = 0x340
                    0x0340                  _PG1FFPCILbits = 0x340
                    0x0342                  PG1FFPCIH = 0x342
                    0x0342                  _PG1FFPCIH = 0x342
                    0x0342                  _PG1FFPCIHbits = 0x342
                    0x0344                  PG1SPCIL = 0x344
                    0x0344                  _PG1SPCIL = 0x344
                    0x0344                  _PG1SPCILbits = 0x344
                    0x0346                  PG1SPCIH = 0x346
                    0x0346                  _PG1SPCIH = 0x346
                    0x0346                  _PG1SPCIHbits = 0x346
                    0x0348                  PG1LEBL = 0x348
                    0x0348                  _PG1LEBL = 0x348
                    0x034a                  PG1LEBH = 0x34a
                    0x034a                  _PG1LEBH = 0x34a
                    0x034a                  _PG1LEBHbits = 0x34a
                    0x034c                  PG1PHASE = 0x34c
                    0x034c                  _PG1PHASE = 0x34c
                    0x034e                  PG1DC = 0x34e
                    0x034e                  _PG1DC = 0x34e
                    0x0350                  PG1DCA = 0x350
                    0x0350                  _PG1DCA = 0x350
                    0x0350                  _PG1DCAbits = 0x350
                    0x0352                  PG1PER = 0x352
                    0x0352                  _PG1PER = 0x352
                    0x0354                  PG1TRIGA = 0x354
                    0x0354                  _PG1TRIGA = 0x354
                    0x0356                  PG1TRIGB = 0x356
                    0x0356                  _PG1TRIGB = 0x356
                    0x0358                  PG1TRIGC = 0x358
                    0x0358                  _PG1TRIGC = 0x358
                    0x035a                  PG1DTL = 0x35a
                    0x035a                  _PG1DTL = 0x35a
                    0x035a                  _PG1DTLbits = 0x35a
                    0x035c                  PG1DTH = 0x35c
                    0x035c                  _PG1DTH = 0x35c
                    0x035c                  _PG1DTHbits = 0x35c
                    0x035e                  PG1CAP = 0x35e
                    0x035e                  _PG1CAP = 0x35e
                    0x0360                  PG2CONL = 0x360
                    0x0360                  _PG2CONL = 0x360
                    0x0360                  _PG2CONLbits = 0x360
                    0x0362                  PG2CONH = 0x362
                    0x0362                  _PG2CONH = 0x362
                    0x0362                  _PG2CONHbits = 0x362
                    0x0364                  PG2STAT = 0x364
                    0x0364                  _PG2STAT = 0x364
                    0x0364                  _PG2STATbits = 0x364
                    0x0366                  PG2IOCONL = 0x366
                    0x0366                  _PG2IOCONL = 0x366
                    0x0366                  _PG2IOCONLbits = 0x366
                    0x0368                  PG2IOCONH = 0x368
                    0x0368                  _PG2IOCONH = 0x368
                    0x0368                  _PG2IOCONHbits = 0x368
                    0x036a                  PG2EVTL = 0x36a
                    0x036a                  _PG2EVTL = 0x36a
                    0x036a                  _PG2EVTLbits = 0x36a
                    0x036c                  PG2EVTH = 0x36c
                    0x036c                  _PG2EVTH = 0x36c
                    0x036c                  _PG2EVTHbits = 0x36c
                    0x036e                  PG2FPCIL = 0x36e
                    0x036e                  _PG2FPCIL = 0x36e
                    0x036e                  _PG2FPCILbits = 0x36e
                    0x0370                  PG2FPCIH = 0x370
                    0x0370                  _PG2FPCIH = 0x370
                    0x0370                  _PG2FPCIHbits = 0x370
                    0x0372                  PG2CLPCIL = 0x372
                    0x0372                  _PG2CLPCIL = 0x372
                    0x0372                  _PG2CLPCILbits = 0x372
                    0x0374                  PG2CLPCIH = 0x374
                    0x0374                  _PG2CLPCIH = 0x374
                    0x0374                  _PG2CLPCIHbits = 0x374
                    0x0376                  PG2FFPCIL = 0x376
                    0x0376                  _PG2FFPCIL = 0x376
                    0x0376                  _PG2FFPCILbits = 0x376
                    0x0378                  PG2FFPCIH = 0x378
                    0x0378                  _PG2FFPCIH = 0x378
                    0x0378                  _PG2FFPCIHbits = 0x378
                    0x037a                  PG2SPCIL = 0x37a
                    0x037a                  _PG2SPCIL = 0x37a
                    0x037a                  _PG2SPCILbits = 0x37a
                    0x037c                  PG2SPCIH = 0x37c
                    0x037c                  _PG2SPCIH = 0x37c
                    0x037c                  _PG2SPCIHbits = 0x37c
                    0x037e                  PG2LEBL = 0x37e
                    0x037e                  _PG2LEBL = 0x37e
                    0x0380                  PG2LEBH = 0x380
                    0x0380                  _PG2LEBH = 0x380
                    0x0380                  _PG2LEBHbits = 0x380
                    0x0382                  PG2PHASE = 0x382
                    0x0382                  _PG2PHASE = 0x382
                    0x0384                  PG2DC = 0x384
                    0x0384                  _PG2DC = 0x384
                    0x0386                  PG2DCA = 0x386
                    0x0386                  _PG2DCA = 0x386
                    0x0386                  _PG2DCAbits = 0x386
                    0x0388                  PG2PER = 0x388
                    0x0388                  _PG2PER = 0x388
                    0x038a                  PG2TRIGA = 0x38a
                    0x038a                  _PG2TRIGA = 0x38a
                    0x038c                  PG2TRIGB = 0x38c
                    0x038c                  _PG2TRIGB = 0x38c
                    0x038e                  PG2TRIGC = 0x38e
                    0x038e                  _PG2TRIGC = 0x38e
                    0x0390                  PG2DTL = 0x390
                    0x0390                  _PG2DTL = 0x390
                    0x0390                  _PG2DTLbits = 0x390
                    0x0392                  PG2DTH = 0x392
                    0x0392                  _PG2DTH = 0x392
                    0x0392                  _PG2DTHbits = 0x392
                    0x0394                  PG2CAP = 0x394
                    0x0394                  _PG2CAP = 0x394
                    0x0396                  PG3CONL = 0x396
                    0x0396                  _PG3CONL = 0x396
                    0x0396                  _PG3CONLbits = 0x396
                    0x0398                  PG3CONH = 0x398
                    0x0398                  _PG3CONH = 0x398
                    0x0398                  _PG3CONHbits = 0x398
                    0x039a                  PG3STAT = 0x39a
                    0x039a                  _PG3STAT = 0x39a
                    0x039a                  _PG3STATbits = 0x39a
                    0x039c                  PG3IOCONL = 0x39c
                    0x039c                  _PG3IOCONL = 0x39c
                    0x039c                  _PG3IOCONLbits = 0x39c
                    0x039e                  PG3IOCONH = 0x39e
                    0x039e                  _PG3IOCONH = 0x39e
                    0x039e                  _PG3IOCONHbits = 0x39e
                    0x03a0                  PG3EVTL = 0x3a0
                    0x03a0                  _PG3EVTL = 0x3a0
                    0x03a0                  _PG3EVTLbits = 0x3a0
                    0x03a2                  PG3EVTH = 0x3a2
                    0x03a2                  _PG3EVTH = 0x3a2
                    0x03a2                  _PG3EVTHbits = 0x3a2
                    0x03a4                  PG3FPCIL = 0x3a4
                    0x03a4                  _PG3FPCIL = 0x3a4
                    0x03a4                  _PG3FPCILbits = 0x3a4
                    0x03a6                  PG3FPCIH = 0x3a6
                    0x03a6                  _PG3FPCIH = 0x3a6
                    0x03a6                  _PG3FPCIHbits = 0x3a6
                    0x03a8                  PG3CLPCIL = 0x3a8
                    0x03a8                  _PG3CLPCIL = 0x3a8
                    0x03a8                  _PG3CLPCILbits = 0x3a8
                    0x03aa                  PG3CLPCIH = 0x3aa
                    0x03aa                  _PG3CLPCIH = 0x3aa
                    0x03aa                  _PG3CLPCIHbits = 0x3aa
                    0x03ac                  PG3FFPCIL = 0x3ac
                    0x03ac                  _PG3FFPCIL = 0x3ac
                    0x03ac                  _PG3FFPCILbits = 0x3ac
                    0x03ae                  PG3FFPCIH = 0x3ae
                    0x03ae                  _PG3FFPCIH = 0x3ae
                    0x03ae                  _PG3FFPCIHbits = 0x3ae
                    0x03b0                  PG3SPCIL = 0x3b0
                    0x03b0                  _PG3SPCIL = 0x3b0
                    0x03b0                  _PG3SPCILbits = 0x3b0
                    0x03b2                  PG3SPCIH = 0x3b2
                    0x03b2                  _PG3SPCIH = 0x3b2
                    0x03b2                  _PG3SPCIHbits = 0x3b2
                    0x03b4                  PG3LEBL = 0x3b4
                    0x03b4                  _PG3LEBL = 0x3b4
                    0x03b6                  PG3LEBH = 0x3b6
                    0x03b6                  _PG3LEBH = 0x3b6
                    0x03b6                  _PG3LEBHbits = 0x3b6
                    0x03b8                  PG3PHASE = 0x3b8
                    0x03b8                  _PG3PHASE = 0x3b8
                    0x03ba                  PG3DC = 0x3ba
                    0x03ba                  _PG3DC = 0x3ba
                    0x03bc                  PG3DCA = 0x3bc
                    0x03bc                  _PG3DCA = 0x3bc
                    0x03bc                  _PG3DCAbits = 0x3bc
                    0x03be                  PG3PER = 0x3be
                    0x03be                  _PG3PER = 0x3be
                    0x03c0                  PG3TRIGA = 0x3c0
                    0x03c0                  _PG3TRIGA = 0x3c0
                    0x03c2                  PG3TRIGB = 0x3c2
                    0x03c2                  _PG3TRIGB = 0x3c2
                    0x03c4                  PG3TRIGC = 0x3c4
                    0x03c4                  _PG3TRIGC = 0x3c4
                    0x03c6                  PG3DTL = 0x3c6
                    0x03c6                  _PG3DTL = 0x3c6
                    0x03c6                  _PG3DTLbits = 0x3c6
                    0x03c8                  PG3DTH = 0x3c8
                    0x03c8                  _PG3DTH = 0x3c8
                    0x03c8                  _PG3DTHbits = 0x3c8
                    0x03ca                  PG3CAP = 0x3ca
                    0x03ca                  _PG3CAP = 0x3ca
                    0x03cc                  PG4CONL = 0x3cc
                    0x03cc                  _PG4CONL = 0x3cc
                    0x03cc                  _PG4CONLbits = 0x3cc
                    0x03ce                  PG4CONH = 0x3ce
                    0x03ce                  _PG4CONH = 0x3ce
                    0x03ce                  _PG4CONHbits = 0x3ce
                    0x03d0                  PG4STAT = 0x3d0
                    0x03d0                  _PG4STAT = 0x3d0
                    0x03d0                  _PG4STATbits = 0x3d0
                    0x03d2                  PG4IOCONL = 0x3d2
                    0x03d2                  _PG4IOCONL = 0x3d2
                    0x03d2                  _PG4IOCONLbits = 0x3d2
                    0x03d4                  PG4IOCONH = 0x3d4
                    0x03d4                  _PG4IOCONH = 0x3d4
                    0x03d4                  _PG4IOCONHbits = 0x3d4
                    0x03d6                  PG4EVTL = 0x3d6
                    0x03d6                  _PG4EVTL = 0x3d6
                    0x03d6                  _PG4EVTLbits = 0x3d6
                    0x03d8                  PG4EVTH = 0x3d8
                    0x03d8                  _PG4EVTH = 0x3d8
                    0x03d8                  _PG4EVTHbits = 0x3d8
                    0x03da                  PG4FPCIL = 0x3da
                    0x03da                  _PG4FPCIL = 0x3da
                    0x03da                  _PG4FPCILbits = 0x3da
                    0x03dc                  PG4FPCIH = 0x3dc
                    0x03dc                  _PG4FPCIH = 0x3dc
                    0x03dc                  _PG4FPCIHbits = 0x3dc
                    0x03de                  PG4CLPCIL = 0x3de
                    0x03de                  _PG4CLPCIL = 0x3de
                    0x03de                  _PG4CLPCILbits = 0x3de
                    0x03e0                  PG4CLPCIH = 0x3e0
                    0x03e0                  _PG4CLPCIH = 0x3e0
                    0x03e0                  _PG4CLPCIHbits = 0x3e0
                    0x03e2                  PG4FFPCIL = 0x3e2
                    0x03e2                  _PG4FFPCIL = 0x3e2
                    0x03e2                  _PG4FFPCILbits = 0x3e2
                    0x03e4                  PG4FFPCIH = 0x3e4
                    0x03e4                  _PG4FFPCIH = 0x3e4
                    0x03e4                  _PG4FFPCIHbits = 0x3e4
                    0x03e6                  PG4SPCIL = 0x3e6