Microchip Technology Inc, v2.10 (B)

Tool Name:
  c:\program files\microchip\xc16\v2.10\bin\bin\..\bin/elf-ld.exe

Command:
  -p33CK64MC105 \
  --mdfp=C:/Program Files/Microchip/MPLABX/v6.20/packs/Microchip/dsPIC33CK-MC_DFP/1.7.244/xc16 \
  -o \
  dist/default/production/firmware.production.elf \
  -Lc:/program files/microchip/xc16/v2.10/bin/bin/.. \
  -LC:/Program Files/Microchip/MPLABX/v6.20/packs/Microchip/dsPIC33CK-MC_DFP/1.7.244/xc16/bin/../support/dsPIC33C/gld \
  -Lc:/program files/microchip/xc16/v2.10/bin/bin/../../lib \
  -Lc:/program files/microchip/xc16/v2.10/bin/bin/../../support/PIC24E/gld \
  -Lc:/program files/microchip/xc16/v2.10/bin/bin/../../support/PIC24F/gld \
  -Lc:/program files/microchip/xc16/v2.10/bin/bin/../../support/PIC24H/gld \
  -Lc:/program files/microchip/xc16/v2.10/bin/bin/../../support/dsPIC30F/gld \
  -Lc:/program files/microchip/xc16/v2.10/bin/bin/../../support/dsPIC33C/gld \
  -Lc:/program files/microchip/xc16/v2.10/bin/bin/../../support/dsPIC33E/gld \
  -Lc:/program files/microchip/xc16/v2.10/bin/bin/../../support/dsPIC33F/gld \
  C:\Users\rbair\AppData\Local\Temp\ccaOZu2r.00006d38.o \
  C:\Users\rbair\AppData\Local\Temp\ccODetNU.00006d38.o \
  --local-stack \
  --preserved=firmware.production.elf \
  --defsym=__MPLAB_BUILD=1 \
  -Tlinkscript.gld.00 \
  --stack=16 \
  --check-sections \
  --no-data-init \
  --pack-data \
  --no-handles \
  --isr \
  --no-gc-sections \
  --fill-upper=0 \
  --stackguard=16 \
  --no-force-link \
  --smart-io \
  -Map=dist/default/production/firmware.production.map \
  --report-mem \
  --memorysummary \
  dist/default/production/memoryfile.xml \
  -start-group \
  --library=c99-pic30-elf \
  --library=m-elf \
  --library=c99-elf \
  -end-group \


Optional library libp33CK64MC105.a not found
Archive member included because of file (symbol)

c:/program files/microchip/xc16/v2.10/bin/bin/../../lib\libc99-pic30-elf.a(crt1_extendedch.o)
                              (__resetALT)
c:/program files/microchip/xc16/v2.10/bin/bin/../../lib\libc99-pic30-elf.a(crt_start_mode_normalch.Meo)
                              (__crt_start_mode)
c:/program files/microchip/xc16/v2.10/bin/bin/../../lib\libc99-pic30-elf.a(delay32ch.Meo)
                              C:\Users\rbair\AppData\Local\Temp\ccODetNU.00006d38.o (___delay32)
c:/program files/microchip/xc16/v2.10/bin/bin/../../lib\libc99-elf.a(memcmp.CH_o)
                              C:\Users\rbair\AppData\Local\Temp\ccODetNU.00006d38.o (_memcmp)


Selected CodeGuard Options:
  FSEC:BWRP:OFF
  FSEC:BSS:DISABLED
  FSEC:BSEN:OFF
  FSEC:GWRP:OFF
  FSEC:GSS:DISABLED
  FSEC:CWRP:OFF
  FSEC:CSS:DISABLED
  FSEC:AIVTDIS:OFF

CodeGuard FLASH Memory:
  boot    (none)
  secure  (none)
  general 0x200 to 0xaefe

CodeGuard RAM Memory:
  general 0x1000 to 0x2fff
  secure  (none)
  boot    (none)


xc16-ld 2.10 (B)

Default Code Model: Small
Default Data Model: Large
Default Scalar Model: Small

"program" Memory  [Origin = 0x200, Length = 0xad00]

section                    address   length (PC units)   length (bytes) (dec)
-------                    -------   -----------------   --------------------
.text                        0x200                0x22            0x33  (51)
.text2                       0x64a              0x1df2          0x2ceb  (11499)
.text3                      0x25a2                0x36            0x51  (81)
.text4                      0x25d8               0x17c           0x23a  (570)
.text5                      0x2776              0x10e6          0x1959  (6489)
.const                      0x385c               0x974           0xe2e  (3630)
.v12                        0x41d0               0x20a           0x30f  (783)
.newcode                    0x4800                 0x2             0x3  (3)

                 Total "program" memory used (bytes):         0x5a42  (23106) 34%


"data" Memory  [Origin = 0x1000, Length = 0x2000]

section                    address      alignment gaps    total length  (dec)
-------                    -------      --------------    -------------------
.mr_buffer1                 0x1000                   0           0xc00  (3072)
.mr_buffer2                 0x1c00                   0           0xc00  (3072)
.queueInfo                  0x2800                   0           0x402  (1026)
.diskBuffer                 0x2c02                   0           0x200  (512)
.coreInfo                   0x2e02                   0            0x70  (112)
.fileSystemInfo             0x2e72                   0            0x34  (52)
.updateInfo                 0x2ea6                   0            0x18  (24)
.stateVars                  0x2ebe                   0             0xe  (14)
.diskInfo                   0x2ecc                   0             0xc  (12)
.data                       0x2ed8                   0             0x4  (4)

[...]
Memory Configuration

Name             Origin             Length             Attributes
data             0x001000           0x002000           a !xr
reset            0x000000           0x000004  
ivt              0x000004           0x0001fc  
program          0x000200           0x00ad00           xr
FSEC             0x00af00           0x000002  
FBSLIM           0x00af10           0x000002  
FOSCSEL          0x00af18           0x000002  
FOSC             0x00af1c           0x000002  
FWDT             0x00af20           0x000002  
FPOR             0x00af24           0x000002  
FICD             0x00af28           0x000002  
FDMTIVTL         0x00af2c           0x000002  
FDMTIVTH         0x00af30           0x000002  
FDMTCNTL         0x00af34           0x000002  
FDMTCNTH         0x00af38           0x000002  
FDMT             0x00af3c           0x000002  
FDEVOPT          0x00af40           0x000002  
FALTREG          0x00af44           0x000002  
*default*        0x000000           0xffffffff  

Linker script and memory map

LOAD C:\Users\rbair\AppData\Local\Temp\ccaOZu2r.00006d38.o
LOAD C:\Users\rbair\AppData\Local\Temp\ccODetNU.00006d38.o
LOAD firmware.production.elf
                    0x0001                  __MPLAB_BUILD = 0x1
LOAD p33CK64MC105
LOAD c:/program files/microchip/xc16/v2.10/bin/bin/../../lib\libfx-elf.a
                    0x801028                  _iwri1 = 0x801028
                    0x80102c                  _iwri2 = 0x80102c
                    0xaf00                  __FSEC = 0xaf00
                    0xaf10                  __FBSLIM = 0xaf10
                    0xaf18                  __FOSCSEL = 0xaf18
                    0xaf1c                  __FOSC = 0xaf1c
                    0xaf20                  __FWDT = 0xaf20
                    0xaf24                  __FPOR = 0xaf24
                    0xaf28                  __FICD = 0xaf28
                    0xaf2c                  __FDMTIVTL = 0xaf2c
                    0xaf30                  __FDMTIVTH = 0xaf30
                    0xaf34                  __FDMTCNTL = 0xaf34
                    0xaf38                  __FDMTCNTH = 0xaf38
                    0xaf3c                  __FDMT = 0xaf3c
                    0xaf40                  __FDEVOPT = 0xaf40
                    0xaf44                  __FALTREG = 0xaf44
                    0x0001                  __NO_HANDLES = 0x1
                    0x0200                  __CODE_BASE = 0x200
                    0xad00                  __CODE_LENGTH = 0xad00
                    0x0004                  __IVT_BASE = 0x4
                    0x1000                  __DATA_BASE = 0x1000
                    0x2000                  __DATA_LENGTH = 0x2000
                    0x2000                  __YDATA_BASE = 0x2000
                    0x3000                  __YDATA_END = 0x3000

.reset            0x000000          0x4
                  0x000000          0x2 SHORT 0x200 ABSOLUTE (__reset)
                  0x000001          0x2 SHORT 0x4
                  0x000002          0x2 SHORT 0x0 ((ABSOLUTE (__reset) >> 0x10) & 0x7f)
                  0x000003          0x2 SHORT 0x0

.text             0x000200         0x22
 *(.init)
 .init            0x000200         0x22 c:/program files/microchip/xc16/v2.10/bin/bin/../../lib\libc99-pic30-elf.a(crt1_extendedch.o)
                  0x000200                  __resetALT
                  0x000200                  __reset
 *(.user_init)
 *(.handle)

.text2            0x00064a       0x1df2
 *(.isr*)
 .isrerror_handler
                  0x00064a         0xb0 C:\Users\rbair\AppData\Local\Temp\ccODetNU.00006d38.o
                  0x00064a                  __SoftTrapError
                  0x00066e                  __HardTrapError
                  0x00068a                  __MathError
                  0x0006a6                  __AddressError
                  0x0006c2                  __StackError
                  0x0006de                  __OscillatorFail
 .isr.text._CNCInterrupt
                  0x0006fa        0xece C:\Users\rbair\AppData\Local\Temp\ccODetNU.00006d38.o
                  0x0006fa                  __CNCInterrupt
 .isr             0x0015c8          0x4 default_isr
                  0x0015c8                  __DefaultInterrupt
 *(.libc)
 *(.libm)
 *(.libdsp)
 *(.lib*)
 .libpic30_crt_start_mode
                  0x0015cc          0x2 c:/program files/microchip/xc16/v2.10/bin/bin/../../lib\libc99-pic30-elf.a(crt_start_mode_normalch.Meo)
                  0x0015cc                  __crt_start_mode
                  0x0015cc                  __crt_start_mode_normal
 .libc.memcmp     0x0015ce         0x1c c:/program files/microchip/xc16/v2.10/bin/bin/../../lib\libc99-elf.a(memcmp.CH_o)
                  0x0015ce                  _memcmp
 *(.dinit)
 *(.text.updateTransport)
 .text.updateTransport
                  0x0015ea        0x278 C:\Users\rbair\AppData\Local\Temp\ccODetNU.00006d38.o
                  0x0015ea                  _updateTransport
 *(.text.frameInit)
 .text.frameInit
                  0x001862         0x9c C:\Users\rbair\AppData\Local\Temp\ccODetNU.00006d38.o
                  0x001862                  _frameInit
 *(.text.frameInitTitle)
 .text.frameInitTitle
                  0x0018fe         0x38 C:\Users\rbair\AppData\Local\Temp\ccODetNU.00006d38.o
                  0x0018fe                  _frameInitTitle
 *(.text.CLC1_Initialize)
 .text.CLC1_Initialize
                  0x001936         0x16 C:\Users\rbair\AppData\Local\Temp\ccODetNU.00006d38.o
                  0x001936                  _CLC1_Initialize
 *(.text.CLC1_PositiveEdge_CallBack)
 .text.CLC1_PositiveEdge_CallBack
                  0x00194c          0x2 C:\Users\rbair\AppData\Local\Temp\ccODetNU.00006d38.o
                  0x00194c                  _CLC1_PositiveEdge_CallBack
 *(.text.CLC1_NegativeEdge_CallBack)
 .text.CLC1_NegativeEdge_CallBack
                  0x00194e          0x2 C:\Users\rbair\AppData\Local\Temp\ccODetNU.00006d38.o
                  0x00194e                  _CLC1_NegativeEdge_CallBack
 *(.text.CLC1_PositiveEdge_Tasks)
 .text.CLC1_PositiveEdge_Tasks
                  0x001950          0xc C:\Users\rbair\AppData\Local\Temp\ccODetNU.00006d38.o
                  0x001950                  _CLC1_PositiveEdge_Tasks
 *(.text.CLC1_NegativeEdge_Tasks)
 .text.CLC1_NegativeEdge_Tasks
                  0x00195c          0xc C:\Users\rbair\AppData\Local\Temp\ccODetNU.00006d38.o
                  0x00195c                  _CLC1_NegativeEdge_Tasks
 *(.text.CLC1_OutputStatusGet)
 .text.CLC1_OutputStatusGet
                  0x001968          0x6 C:\Users\rbair\AppData\Local\Temp\ccODetNU.00006d38.o
                  0x001968                  _CLC1_OutputStatusGet
 *(.text.INTERRUPT_Initialize)
 .text.INTERRUPT_Initialize
                  0x00196e          0x6 C:\Users\rbair\AppData\Local\Temp\ccODetNU.00006d38.o
                  0x00196e                  _INTERRUPT_Initialize
 *(.text.CLOCK_Initialize)
 .text.CLOCK_Initialize
                  0x001974         0x4a C:\Users\rbair\AppData\Local\Temp\ccODetNU.00006d38.o
                  0x001974                  _CLOCK_Initialize
 *(.text.PIN_MANAGER_Initialize)
 .text.PIN_MANAGER_Initialize
                  0x0019be         0x8a C:\Users\rbair\AppData\Local\Temp\ccODetNU.00006d38.o
                  0x0019be                  _PIN_MANAGER_Initialize
 *(.text.SYSTEM_Initialize)
 .text.SYSTEM_Initialize
                  0x001a48         0x3c C:\Users\rbair\AppData\Local\Temp\ccODetNU.00006d38.o
                  0x001a48                  _SYSTEM_Initialize
 *(.text.PIN_MANAGER_enableInterrupt_On_Change)
 .text.PIN_MANAGER_enableInterrupt_On_Change
                  0x001a84          0x6 C:\Users\rbair\AppData\Local\Temp\ccODetNU.00006d38.o
                  0x001a84                  _PIN_MANAGER_enableInterrupt_On_Change
 *(.text.RESET_GetCause)
 .text.RESET_GetCause
                  0x001a8a          0x4 C:\Users\rbair\AppData\Local\Temp\ccODetNU.00006d38.o
                  0x001a8a                  _RESET_GetCause
 *(.text.RESET_CauseHandler)
 .text.RESET_CauseHandler
                  0x001a8e         0x2c C:\Users\rbair\AppData\Local\Temp\ccODetNU.00006d38.o
                  0x001a8e                  _RESET_CauseHandler
 *(.text.RESET_CauseClearAll)
 .text.RESET_CauseClearAll
                  0x001aba          0x4 C:\Users\rbair\AppData\Local\Temp\ccODetNU.00006d38.o
                  0x001aba                  _RESET_CauseClearAll
 *(.text.SPI1_Initialize)
 .text.SPI1_Initialize
                  0x001abe         0x18 C:\Users\rbair\AppData\Local\Temp\ccODetNU.00006d38.o
                  0x001abe                  _SPI1_Initialize
 *(.text.SPI1_HighSpeed)
 .text.SPI1_HighSpeed
                  0x001ad6          0x6 C:\Users\rbair\AppData\Local\Temp\ccODetNU.00006d38.o
                  0x001ad6                  _SPI1_HighSpeed
 *(.text.SPI1_Exchange)
 .text.SPI1_Exchange
                  0x001adc         0x12 C:\Users\rbair\AppData\Local\Temp\ccODetNU.00006d38.o
                  0x001adc                  _SPI1_Exchange
 *(.text.SPI1_ExchangeBuffer)
 .text.SPI1_ExchangeBuffer
                  0x001aee         0x6e C:\Users\rbair\AppData\Local\Temp\ccODetNU.00006d38.o
                  0x001aee                  _SPI1_ExchangeBuffer
 *(.text.SPI1_Exchange8bit)
 .text.SPI1_Exchange8bit
                  0x001b5c         0x10 C:\Users\rbair\AppData\Local\Temp\ccODetNU.00006d38.o
                  0x001b5c                  _SPI1_Exchange8bit
 *(.text.SPI1_Exchange8bitBuffer)
 .text.SPI1_Exchange8bitBuffer
                  0x001b6c          0x2 C:\Users\rbair\AppData\Local\Temp\ccODetNU.00006d38.o
                  0x001b6c                  _SPI1_Exchange8bitBuffer
 *(.text.SPI1_StatusGet)
 .text.SPI1_StatusGet
                  0x001b6e          0x4 C:\Users\rbair\AppData\Local\Temp\ccODetNU.00006d38.o
                  0x001b6e                  _SPI1_StatusGet
 *(.text.flash_led)
 .text.flash_led
                  0x001b72         0x3c C:\Users\rbair\AppData\Local\Temp\ccODetNU.00006d38.o
                  0x001b72                  _flash_led
 *(.text.TRAPS_halt_on_error)
 .text.TRAPS_halt_on_error
                  0x001bae         0x20 C:\Users\rbair\AppData\Local\Temp\ccODetNU.00006d38.o
                  0x001bae                  _TRAPS_halt_on_error
 *(.text.serialLED)
 .text.serialLED
                  0x001bce         0x38 C:\Users\rbair\AppData\Local\Temp\ccODetNU.00006d38.o
                  0x001bce                  _serialLED
 *(.text.copyFromFlash)
 .text.copyFromFlash
                  0x001c06         0x40 C:\Users\rbair\AppData\Local\Temp\ccODetNU.00006d38.o
                  0x001c06                  _copyFromFlash
 *(.text.setupTitle)
 .text.setupTitle
                  0x001c46         0x7c C:\Users\rbair\AppData\Local\Temp\ccODetNU.00006d38.o
                  0x001c46                  _setupTitle
 *(.text.resetNewCode)
 .text.resetNewCode
                  0x001cc2         0x24 C:\Users\rbair\AppData\Local\Temp\ccODetNU.00006d38.o
                  0x001cc2                  _resetNewCode
 *(.text.waitEndFrame)
 .text.waitEndFrame
                  0x001ce6         0x10 C:\Users\rbair\AppData\Local\Temp\ccODetNU.00006d38.o
                  0x001ce6                  _waitEndFrame
 *(.text.coreInit)
 .text.coreInit
                  0x001cf6         0x3e C:\Users\rbair\AppData\Local\Temp\ccODetNU.00006d38.o
                  0x001cf6                  _coreInit
 *(.text.spiRec)
 .text.spiRec     0x001d34         0x14 C:\Users\rbair\AppData\Local\Temp\ccODetNU.00006d38.o
                  0x001d34                  _spiRec
 *(.text.chipSelectHigh)
 .text.chipSelectHigh
                  0x001d48          0x4 C:\Users\rbair\AppData\Local\Temp\ccODetNU.00006d38.o
                  0x001d48                  _chipSelectHigh
 *(.text.chipSelectLow)
 .text.chipSelectLow
                  0x001d4c          0x4 C:\Users\rbair\AppData\Local\Temp\ccODetNU.00006d38.o
                  0x001d4c                  _chipSelectLow
 *(.text.sd_error)
 .text.sd_error
                  0x001d50          0xa C:\Users\rbair\AppData\Local\Temp\ccODetNU.00006d38.o
                  0x001d50                  _sd_error
 *(.text.cardCommand)
 .text.cardCommand
                  0x001d5a         0xb2 C:\Users\rbair\AppData\Local\Temp\ccODetNU.00006d38.o
                  0x001d5a                  _cardCommand
 *(.text.startBlockReady)
 .text.startBlockReady
                  0x001e0c          0xe C:\Users\rbair\AppData\Local\Temp\ccODetNU.00006d38.o
                  0x001e0c                  _startBlockReady
 *(.text.startReadBlock)
 .text.startReadBlock
                  0x001e1a         0x24 C:\Users\rbair\AppData\Local\Temp\ccODetNU.00006d38.o
                  0x001e1a                  _startReadBlock
 *(.text.startReadBlockMulti)
 .text.startReadBlockMulti
                  0x001e3e         0x24 C:\Users\rbair\AppData\Local\Temp\ccODetNU.00006d38.o
                  0x001e3e                  _startReadBlockMulti
 *(.text.endReadBlockMulti)
 .text.endReadBlockMulti
                  0x001e62         0x14 C:\Users\rbair\AppData\Local\Temp\ccODetNU.00006d38.o
                  0x001e62                  _endReadBlockMulti
 *(.text.endReadBlock)
 .text.endReadBlock
                  0x001e76          0x8 C:\Users\rbair\AppData\Local\Temp\ccODetNU.00006d38.o
                  0x001e76                  _endReadBlock
 *(.text.disk_read_block_raw)
 .text.disk_read_block_raw
                  0x001e7e         0x2c C:\Users\rbair\AppData\Local\Temp\ccODetNU.00006d38.o
                  0x001e7e                  _disk_read_block_raw
 *(.text.cardAcmd)
 .text.cardAcmd
                  0x001eaa         0x1a C:\Users\rbair\AppData\Local\Temp\ccODetNU.00006d38.o
                  0x001eaa                  _cardAcmd
 *(.text.sdcard_init)
 .text.sdcard_init
                  0x001ec4        0x130 C:\Users\rbair\AppData\Local\Temp\ccODetNU.00006d38.o
                  0x001ec4                  _sdcard_init
 *(.text.disk_read_block1)
 .text.disk_read_block1
                  0x001ff4         0x16 C:\Users\rbair\AppData\Local\Temp\ccODetNU.00006d38.o
                  0x001ff4                  _disk_read_block1
 *(.text.disk_read_block2)
 .text.disk_read_block2
                  0x00200a         0x12 C:\Users\rbair\AppData\Local\Temp\ccODetNU.00006d38.o
                  0x00200a                  _disk_read_block2
 *(.text.disk_initialize)
 .text.disk_initialize
                  0x00201c         0x1e C:\Users\rbair\AppData\Local\Temp\ccODetNU.00006d38.o
                  0x00201c                  _disk_initialize
 *(.text.ld_word)
 .text.ld_word    0x00203a          0xa C:\Users\rbair\AppData\Local\Temp\ccODetNU.00006d38.o
                  0x00203a                  _ld_word
 *(.text.ld_dword)
 .text.ld_dword
                  0x002044         0x3e C:\Users\rbair\AppData\Local\Temp\ccODetNU.00006d38.o
                  0x002044                  _ld_dword
 *(.text.get_fat)
 .text.get_fat    0x002082         0x60 C:\Users\rbair\AppData\Local\Temp\ccODetNU.00006d38.o
                  0x002082                  _get_fat
 *(.text.pf_mount)
 .text.pf_mount
                  0x0020e2        0x22e C:\Users\rbair\AppData\Local\Temp\ccODetNU.00006d38.o
                  0x0020e2                  _pf_mount
 *(.text.pf_seek_block)
 .text.pf_seek_block
                  0x002310        0x128 C:\Users\rbair\AppData\Local\Temp\ccODetNU.00006d38.o
                  0x002310                  _pf_seek_block
 *(.text.pf_open_first)
 .text.pf_open_first
                  0x002438          0x4 C:\Users\rbair\AppData\Local\Temp\ccODetNU.00006d38.o
                  0x002438                  _pf_open_first

.text3            0x0025a2         0x36
 *(.text.setupDisk)
 .text.setupDisk
                  0x0025a2         0x36 C:\Users\rbair\AppData\Local\Temp\ccODetNU.00006d38.o
                  0x0025a2                  _setupDisk

.text4            0x0025d8        0x17c
 *(.text.pf_read_block)
 .text.pf_read_block
                  0x0025d8         0x10 C:\Users\rbair\AppData\Local\Temp\ccODetNU.00006d38.o
                  0x0025d8                  _pf_read_block
 *(.text.runTitle)
 .text.runTitle
                  0x0025e8         0xc4 C:\Users\rbair\AppData\Local\Temp\ccODetNU.00006d38.o
                  0x0025e8                  _runTitle
 *(.text.prepareNextFrame)
 .text.prepareNextFrame
                  0x0026ac         0x56 C:\Users\rbair\AppData\Local\Temp\ccODetNU.00006d38.o
                  0x0026ac                  _prepareNextFrame
 *(.text.runFrameLoop)
 .text.runFrameLoop
                  0x002702         0x52 C:\Users\rbair\AppData\Local\Temp\ccODetNU.00006d38.o
                  0x002702                  _runFrameLoop

.text5            0x002776       0x10e6
 *(.text.handleFirmwareUpdate)
 .text.handleFirmwareUpdate
                  0x002776        0x1ae C:\Users\rbair\AppData\Local\Temp\ccODetNU.00006d38.o
                  0x002776                  _handleFirmwareUpdate
 *(.text.updateInit)
 .text.updateInit
                  0x002924         0x30 C:\Users\rbair\AppData\Local\Temp\ccODetNU.00006d38.o
                  0x002924                  _updateInit
 *(.text.main)
 .text.main       0x002954         0x4c C:\Users\rbair\AppData\Local\Temp\ccODetNU.00006d38.o
                  0x002954                  _main
 *(.text.updateVolume)
 .text.updateVolume
                  0x0029a0         0x52 C:\Users\rbair\AppData\Local\Temp\ccODetNU.00006d38.o
                  0x0029a0                  _updateVolume
 *(.text.updateColor)
 .text.updateColor
                  0x0029f2        0x1ee C:\Users\rbair\AppData\Local\Temp\ccODetNU.00006d38.o
                  0x0029f2                  _updateColor
 *(.text.updateBuffer)
 .text.updateBuffer
                  0x002be0         0x10 C:\Users\rbair\AppData\Local\Temp\ccODetNU.00006d38.o
                  0x002be0                  _updateBuffer
 *(.init.delay32)
 .init.delay32    0x002bf0         0x1c c:/program files/microchip/xc16/v2.10/bin/bin/../../lib\libc99-pic30-elf.a(delay32ch.Meo)
                  0x002bf0                  ___delay32
 *(.title)
 .title           0x002c0c        0xb00 C:\Users\rbair\AppData\Local\Temp\ccaOZu2r.00006d38.o
                  0x002c0c                  _TitleGraph1
                  0x002e8c                  _TitleGraph2
                  0x00310c                  _TitleColor1
                  0x00338c                  _TitleColor2
                  0x00360c                  _TitleBackColor1
                  0x00368c                  _TitleBackColor2
 *(.NVM_flash)
 .NVM_flash       0x00370c        0x150 C:\Users\rbair\AppData\Local\Temp\ccaOZu2r.00006d38.o
                  0x00370e                  _FLASH_Unlock
                  0x003718                  _FLASH_Lock
                  0x003726                  _FLASH_SendNvmKey
                  0x003752                  _FLASH_ReadWord24
                  0x003760                  _FLASH_ReadWord16
                  0x00376c                  _FLASH_ErasePage
                  0x003788                  _FLASH_WriteDoubleWord24
                  0x0037bc                  _FLASH_WriteDoubleWord16
                  0x0037f2                  _FLASH_WriteRow24
                  0x003814                  _FLASH_WriteRow16
                  0x00384c                  _FLASH_GetErasePageOffset
                  0x003852                  _FLASH_GetErasePageAddress

.const              0xb85c        0x974
 *(.const)
 .const             0xb85c        0x974 C:\Users\rbair\AppData\Local\Temp\ccODetNU.00006d38.o
                    0xb868                  _brightLabelEven
                    0xb8ae                  _brightLabelOdd
                    0xb8f4                  _volumeLabelEven
                    0xb93a                  _volumeLabelOdd
                    0xb980                  _levelBarsEvenData
                    0xbb38                  _levelBarsOddData
                    0xbcf0                  _scale0
                    0xbd00                  _scale1
                    0xbd10                  _scale2
                    0xbd20                  _scale3
                    0xbd30                  _scale4
                    0xbd40                  _scale5
                    0xbd50                  _scale6
                    0xbd60                  _scale7
                    0xbd70                  _scale8
                    0xbd80                  _scale9
                    0xbd90                  _scale10
                    0xbda0                  _scaleList
                    0xbdb6                  _shiftBright

.v12              0x0041d0        0x20a
 *(.v12)
 .v12             0x0041d0        0x20a C:\Users\rbair\AppData\Local\Temp\ccODetNU.00006d38.o
                  0x0041d0                  _pf_open_many
                  0x00434a                  _checkSelectVideo
 *(.text.pf_open_many)
 *(.text.runFrameLoopSelect)

usercode
 *(usercode)

.newcode          0x004800          0x2
 *(.newcode)
 .newcode         0x004800          0x2 C:\Users\rbair\AppData\Local\Temp\ccODetNU.00006d38.o
                  0x004800                  _main2
 *(.main2)
 *(.patchsection)

__FSEC            0x00af00          0x2
 *(__FSEC.sec*)
 __FSEC.sec       0x00af00          0x2 /CW/_FSEC
                  0x00af00                  __FSEC.sec

__FBSLIM
 *(__FBSLIM.sec*)

__FOSCSEL
 *(__FOSCSEL.sec*)

__FOSC
 *(__FOSC.sec*)

__FWDT
 *(__FWDT.sec*)

__FPOR
 *(__FPOR.sec*)

__FICD
 *(__FICD.sec*)

__FDMTIVTL
 *(__FDMTIVTL.sec*)

__FDMTIVTH
 *(__FDMTIVTH.sec*)

__FDMTCNTL
 *(__FDMTCNTL.sec*)

__FDMTCNTH
 *(__FDMTCNTH.sec*)

__FDMT
 *(__FDMT.sec*)

__FDEVOPT
 *(__FDEVOPT.sec*)

__FALTREG
 *(__FALTREG.sec*)

.comment
 *(.comment)

.debug_info       0x000000       0xe584
 *(.debug_info)
 .debug_info      0x000000       0xe584 C:\Users\rbair\AppData\Local\Temp\ccODetNU.00006d38.o
 *(.gnu.linkonce.wi.*)

.debug_abbrev     0x000000        0x4c3
 *(.debug_abbrev)
 .debug_abbrev    0x000000        0x4c3 C:\Users\rbair\AppData\Local\Temp\ccODetNU.00006d38.o

.debug_line       0x000000       0x17ef
 *(.debug_line)
 .debug_line      0x000000       0x17ef C:\Users\rbair\AppData\Local\Temp\ccODetNU.00006d38.o

.debug_frame      0x000000        0x758
 *(.debug_frame)
 .debug_frame     0x000000        0x758 C:\Users\rbair\AppData\Local\Temp\ccODetNU.00006d38.o

.debug_str        0x000000        0xc49
 *(.debug_str)
 .debug_str       0x000000        0xc49 C:\Users\rbair\AppData\Local\Temp\ccODetNU.00006d38.o

.debug_loc
 *(.debug_loc)

.debug_macinfo
 *(.debug_macinfo)

.debug_pubnames
                  0x000000        0x72e
 *(.debug_pubnames)
 .debug_pubnames
                  0x000000        0x72e C:\Users\rbair\AppData\Local\Temp\ccODetNU.00006d38.o

.debug_ranges
 *(.debug_ranges)

.debug_aranges    0x000000        0x270
 *(.debug_aranges)
 .debug_aranges
                  0x000000        0x270 C:\Users\rbair\AppData\Local\Temp\ccODetNU.00006d38.o
                    0x0000                  WREG0 = 0x0
                    0x0000                  _WREG0 = 0x0
                    0x0002                  WREG1 = 0x2
                    0x0002                  _WREG1 = 0x2
                    0x0004                  WREG2 = 0x4
                    0x0004                  _WREG2 = 0x4
                    0x0006                  WREG3 = 0x6
                    0x0006                  _WREG3 = 0x6
                    0x0008                  WREG4 = 0x8
                    0x0008                  _WREG4 = 0x8
                    0x000a                  WREG5 = 0xa
                    0x000a                  _WREG5 = 0xa
                    0x000c                  WREG6 = 0xc
                    0x000c                  _WREG6 = 0xc
                    0x000e                  WREG7 = 0xe
                    0x000e                  _WREG7 = 0xe
                    0x0010                  WREG8 = 0x10
                    0x0010                  _WREG8 = 0x10
                    0x0012                  WREG9 = 0x12
                    0x0012                  _WREG9 = 0x12
                    0x0014                  WREG10 = 0x14
                    0x0014                  _WREG10 = 0x14
                    0x0016                  WREG11 = 0x16
                    0x0016                  _WREG11 = 0x16
                    0x0018                  WREG12 = 0x18
                    0x0018                  _WREG12 = 0x18
                    0x001a                  WREG13 = 0x1a
                    0x001a                  _WREG13 = 0x1a
                    0x001c                  WREG14 = 0x1c
                    0x001c                  _WREG14 = 0x1c
                    0x001e                  WREG15 = 0x1e
                    0x001e                  _WREG15 = 0x1e
                    0x0020                  SPLIM = 0x20
                    0x0020                  _SPLIM = 0x20
                    0x0022                  ACCAL = 0x22
                    0x0022                  _ACCAL = 0x22
                    0x0024                  ACCAH = 0x24
                    0x0024                  _ACCAH = 0x24
                    0x0026                  ACCAU = 0x26
                    0x0026                  _ACCAU = 0x26
                    0x0028                  ACCBL = 0x28
                    0x0028                  _ACCBL = 0x28
                    0x002a                  ACCBH = 0x2a
                    0x002a                  _ACCBH = 0x2a
                    0x002c                  ACCBU = 0x2c
                    0x002c                  _ACCBU = 0x2c
                    0x002e                  PCL = 0x2e
                    0x002e                  _PCL = 0x2e
                    0x0030                  PCH = 0x30
                    0x0030                  _PCH = 0x30
                    0x0032                  DSRPAG = 0x32
                    0x0032                  _DSRPAG = 0x32
                    0x0032                  _DSRPAGbits = 0x32
                    0x0034                  DSWPAG = 0x34
                    0x0034                  _DSWPAG = 0x34
                    0x0034                  _DSWPAGbits = 0x34
                    0x0036                  RCOUNT = 0x36
                    0x0036                  _RCOUNT = 0x36
                    0x0038                  DCOUNT = 0x38
                    0x0038                  _DCOUNT = 0x38
                    0x003a                  DOSTARTL = 0x3a
                    0x003a                  _DOSTARTL = 0x3a
                    0x003c                  DOSTARTH = 0x3c
                    0x003c                  _DOSTARTH = 0x3c
                    0x003e                  DOENDL = 0x3e
                    0x003e                  _DOENDL = 0x3e
                    0x0040                  DOENDH = 0x40
                    0x0040                  _DOENDH = 0x40
                    0x0042                  SR = 0x42
                    0x0042                  _SR = 0x42
                    0x0042                  _SRbits = 0x42
                    0x0044                  CORCON = 0x44
                    0x0044                  _CORCON = 0x44
                    0x0044                  _CORCONbits = 0x44
                    0x0046                  MODCON = 0x46
                    0x0046                  _MODCON = 0x46
                    0x0046                  _MODCONbits = 0x46
                    0x0048                  XMODSRT = 0x48
                    0x0048                  _XMODSRT = 0x48
                    0x004a                  XMODEND = 0x4a
                    0x004a                  _XMODEND = 0x4a
                    0x004c                  YMODSRT = 0x4c
                    0x004c                  _YMODSRT = 0x4c
                    0x004e                  YMODEND = 0x4e
                    0x004e                  _YMODEND = 0x4e
                    0x0050                  XBREV = 0x50
                    0x0050                  _XBREV = 0x50
                    0x0050                  _XBREVbits = 0x50
                    0x0052                  DISICNT = 0x52
                    0x0052                  _DISICNT = 0x52
                    0x0054                  TBLPAG = 0x54
                    0x0054                  _TBLPAG = 0x54
                    0x0054                  _TBLPAGbits = 0x54
                    0x0056                  YPAG = 0x56
                    0x0056                  _YPAG = 0x56
                    0x0056                  _YPAGbits = 0x56
                    0x0058                  MSTRPR = 0x58
                    0x0058                  _MSTRPR = 0x58
                    0x0058                  _MSTRPRbits = 0x58
                    0x005a                  CTXTSTAT = 0x5a
                    0x005a                  _CTXTSTAT = 0x5a
                    0x005a                  _CTXTSTATbits = 0x5a
                    0x005c                  DMTCON = 0x5c
                    0x005c                  _DMTCON = 0x5c
                    0x005c                  _DMTCONbits = 0x5c
                    0x0060                  DMTPRECLR = 0x60
                    0x0060                  _DMTPRECLR = 0x60
                    0x0060                  _DMTPRECLRbits = 0x60
                    0x0064                  DMTCLR = 0x64
                    0x0064                  _DMTCLR = 0x64
                    0x0064                  _DMTCLRbits = 0x64
                    0x0068                  DMTSTAT = 0x68
                    0x0068                  _DMTSTAT = 0x68
                    0x0068                  _DMTSTATbits = 0x68
                    0x006c                  DMTCNTL = 0x6c
                    0x006c                  _DMTCNTL = 0x6c
                    0x006e                  DMTCNTH = 0x6e
                    0x006e                  _DMTCNTH = 0x6e
                    0x0070                  DMTHOLDREG = 0x70
                    0x0070                  _DMTHOLDREG = 0x70
                    0x0074                  DMTPSCNTL = 0x74
                    0x0074                  _DMTPSCNTL = 0x74
                    0x0076                  DMTPSCNTH = 0x76
                    0x0076                  _DMTPSCNTH = 0x76
                    0x0078                  DMTPSINTVL = 0x78
                    0x0078                  _DMTPSINTVL = 0x78
                    0x007a                  DMTPSINTVH = 0x7a
                    0x007a                  _DMTPSINTVH = 0x7a
                    0x0080                  SENT1CON1 = 0x80
                    0x0080                  _SENT1CON1 = 0x80
                    0x0080                  _SENT1CON1bits = 0x80
                    0x0084                  SENT1CON2 = 0x84
                    0x0084                  _SENT1CON2 = 0x84
                    0x0088                  SENT1CON3 = 0x88
                    0x0088                  _SENT1CON3 = 0x88
                    0x008c                  SENT1STAT = 0x8c
                    0x008c                  _SENT1STAT = 0x8c
                    0x008c                  _SENT1STATbits = 0x8c
                    0x0090                  SENT1SYNC = 0x90
                    0x0090                  _SENT1SYNC = 0x90
                    0x0094                  SENT1DATL = 0x94
                    0x0094                  _SENT1DATL = 0x94
                    0x0094                  _SENT1DATLbits = 0x94
                    0x0096                  SENT1DATH = 0x96
                    0x0096                  _SENT1DATH = 0x96
                    0x0096                  _SENT1DATHbits = 0x96
                    0x00b0                  CRCCON1 = 0xb0
                    0x00b0                  _CRCCON1 = 0xb0
                    0x00b0                  _CRCCON1bits = 0xb0
                    0x00b0                  CRCCONL = 0xb0
                    0x00b0                  _CRCCONL = 0xb0
                    0x00b0                  _CRCCONLbits = 0xb0
                    0x00b2                  CRCCON2 = 0xb2
                    0x00b2                  _CRCCON2 = 0xb2
                    0x00b2                  _CRCCON2bits = 0xb2
                    0x00b2                  CRCCONH = 0xb2
                    0x00b2                  _CRCCONH = 0xb2
                    0x00b2                  _CRCCONHbits = 0xb2
                    0x00b4                  CRCXORL = 0xb4
                    0x00b4                  _CRCXORL = 0xb4
                    0x00b4                  _CRCXORLbits = 0xb4
                    0x00b6                  CRCXORH = 0xb6
                    0x00b6                  _CRCXORH = 0xb6
                    0x00b6                  _CRCXORHbits = 0xb6
                    0x00b8                  CRCDATL = 0xb8
                    0x00b8                  _CRCDATL = 0xb8
                    0x00ba                  CRCDATH = 0xba
                    0x00ba                  _CRCDATH = 0xba
                    0x00bc                  CRCWDATL = 0xbc
                    0x00bc                  _CRCWDATL = 0xbc
                    0x00be                  CRCWDATH = 0xbe
                    0x00be                  _CRCWDATH = 0xbe
                    0x00c0                  CLC1CONL = 0xc0
                    0x00c0                  _CLC1CONL = 0xc0
                    0x00c0                  _CLC1CONLbits = 0xc0
                    0x00c2                  CLC1CONH = 0xc2
                    0x00c2                  _CLC1CONH = 0xc2
                    0x00c2                  _CLC1CONHbits = 0xc2
                    0x00c4                  CLC1SEL = 0xc4
                    0x00c4                  _CLC1SEL = 0xc4
                    0x00c4                  _CLC1SELbits = 0xc4
                    0x00c4                  CLC1SELL = 0xc4
                    0x00c4                  _CLC1SELL = 0xc4
                    0x00c4                  _CLC1SELLbits = 0xc4
                    0x00c8                  CLC1GLSL = 0xc8
                    0x00c8                  _CLC1GLSL = 0xc8
                    0x00c8                  _CLC1GLSLbits = 0xc8
                    0x00ca                  CLC1GLSH = 0xca
                    0x00ca                  _CLC1GLSH = 0xca
                    0x00ca                  _CLC1GLSHbits = 0xca
                    0x00cc                  CLC2CONL = 0xcc
                    0x00cc                  _CLC2CONL = 0xcc
                    0x00cc                  _CLC2CONLbits = 0xcc
                    0x00ce                  CLC2CONH = 0xce
                    0x00ce                  _CLC2CONH = 0xce
                    0x00ce                  _CLC2CONHbits = 0xce
                    0x00d0                  CLC2SEL = 0xd0
                    0x00d0                  _CLC2SEL = 0xd0
                    0x00d0                  _CLC2SELbits = 0xd0
                    0x00d0                  CLC2SELL = 0xd0
                    0x00d0                  _CLC2SELL = 0xd0
                    0x00d0                  _CLC2SELLbits = 0xd0
                    0x00d4                  CLC2GLSL = 0xd4
                    0x00d4                  _CLC2GLSL = 0xd4
                    0x00d4                  _CLC2GLSLbits = 0xd4
                    0x00d6                  CLC2GLSH = 0xd6
                    0x00d6                  _CLC2GLSH = 0xd6
                    0x00d6                  _CLC2GLSHbits = 0xd6
                    0x00d8                  CLC3CONL = 0xd8
                    0x00d8                  _CLC3CONL = 0xd8
                    0x00d8                  _CLC3CONLbits = 0xd8
                    0x00da                  CLC3CONH = 0xda
                    0x00da                  _CLC3CONH = 0xda
                    0x00da                  _CLC3CONHbits = 0xda
                    0x00dc                  CLC3SEL = 0xdc
                    0x00dc                  _CLC3SEL = 0xdc
                    0x00dc                  _CLC3SELbits = 0xdc
                    0x00dc                  CLC3SELL = 0xdc
                    0x00dc                  _CLC3SELL = 0xdc
                    0x00dc                  _CLC3SELLbits = 0xdc
                    0x00e0                  CLC3GLSL = 0xe0
                    0x00e0                  _CLC3GLSL = 0xe0
                    0x00e0                  _CLC3GLSLbits = 0xe0
                    0x00e2                  CLC3GLSH = 0xe2
                    0x00e2                  _CLC3GLSH = 0xe2
                    0x00e2                  _CLC3GLSHbits = 0xe2
                    0x00e4                  CLC4CONL = 0xe4
                    0x00e4                  _CLC4CONL = 0xe4
                    0x00e4                  _CLC4CONLbits = 0xe4
                    0x00e6                  CLC4CONH = 0xe6
                    0x00e6                  _CLC4CONH = 0xe6
                    0x00e6                  _CLC4CONHbits = 0xe6
                    0x00e8                  CLC4SEL = 0xe8
                    0x00e8                  _CLC4SEL = 0xe8
                    0x00e8                  _CLC4SELbits = 0xe8
                    0x00e8                  CLC4SELL = 0xe8
                    0x00e8                  _CLC4SELL = 0xe8
                    0x00e8                  _CLC4SELLbits = 0xe8
                    0x00ec                  CLC4GLSL = 0xec
                    0x00ec                  _CLC4GLSL = 0xec
                    0x00ec                  _CLC4GLSLbits = 0xec
                    0x00ee                  CLC4GLSH = 0xee
                    0x00ee                  _CLC4GLSH = 0xee
                    0x00ee                  _CLC4GLSHbits = 0xee
                    0x00f0                  ECCCONL = 0xf0
                    0x00f0                  _ECCCONL = 0xf0
                    0x00f0                  _ECCCONLbits = 0xf0
                    0x00f2                  ECCCONH = 0xf2
                    0x00f2                  _ECCCONH = 0xf2
                    0x00f2                  _ECCCONHbits = 0xf2
                    0x00f4                  ECCADDRL = 0xf4
                    0x00f4                  _ECCADDRL = 0xf4
                    0x00f6                  ECCADDRH = 0xf6
                    0x00f6                  _ECCADDRH = 0xf6
                    0x00f8                  ECCSTATL = 0xf8
                    0x00f8                  _ECCSTATL = 0xf8
                    0x00f8                  _ECCSTATLbits = 0xf8
                    0x00fa                  ECCSTATH = 0xfa
                    0x00fa                  _ECCSTATH = 0xfa
                    0x00fa                  _ECCSTATHbits = 0xfa
                    0x0100                  T1CON = 0x100
                    0x0100                  _T1CON = 0x100
                    0x0100                  _T1CONbits = 0x100
                    0x0104                  TMR1 = 0x104
                    0x0104                  _TMR1 = 0x104
                    0x0108                  PR1 = 0x108
                    0x0108                  _PR1 = 0x108
                    0x0140                  QEI1CON = 0x140
                    0x0140                  _QEI1CON = 0x140
                    0x0140                  _QEI1CONbits = 0x140
                    0x0144                  QEI1IOC = 0x144
                    0x0144                  _QEI1IOC = 0x144
                    0x0144                  _QEI1IOCbits = 0x144
                    0x0146                  QEI1IOCH = 0x146
                    0x0146                  _QEI1IOCH = 0x146
                    0x0146                  _QEI1IOCHbits = 0x146
                    0x0148                  QEI1STAT = 0x148
                    0x0148                  _QEI1STAT = 0x148
                    0x0148                  _QEI1STATbits = 0x148
                    0x014c                  POS1CNTL = 0x14c
                    0x014c                  _POS1CNTL = 0x14c
                    0x014e                  POS1CNTH = 0x14e
                    0x014e                  _POS1CNTH = 0x14e
                    0x0152                  POS1HLD = 0x152
                    0x0152                  _POS1HLD = 0x152
                    0x0154                  VEL1CNT = 0x154
                    0x0154                  _VEL1CNT = 0x154
                    0x0156                  VEL1CNTH = 0x156
                    0x0156                  _VEL1CNTH = 0x156
                    0x015a                  VEL1HLD = 0x15a
                    0x015a                  _VEL1HLD = 0x15a
                    0x015c                  INT1TMRL = 0x15c
                    0x015c                  _INT1TMRL = 0x15c
                    0x015e                  INT1TMRH = 0x15e
                    0x015e                  _INT1TMRH = 0x15e
                    0x0160                  INT1HLDL = 0x160
                    0x0160                  _INT1HLDL = 0x160
                    0x0162                  INT1HLDH = 0x162
                    0x0162                  _INT1HLDH = 0x162
                    0x0164                  INDX1CNTL = 0x164
                    0x0164                  _INDX1CNTL = 0x164
                    0x0166                  INDX1CNTH = 0x166
                    0x0166                  _INDX1CNTH = 0x166
                    0x016a                  INDX1HLD = 0x16a
                    0x016a                  _INDX1HLD = 0x16a
                    0x016c                  QEI1GECL = 0x16c
                    0x016c                  _QEI1GECL = 0x16c
                    0x016c                  QEI1ICL = 0x16c
                    0x016c                  _QEI1ICL = 0x16c
                    0x016e                  QEI1GECH = 0x16e
                    0x016e                  _QEI1GECH = 0x16e
                    0x016e                  QEI1ICH = 0x16e
                    0x016e                  _QEI1ICH = 0x16e
                    0x0170                  QEI1LECL = 0x170
                    0x0170                  _QEI1LECL = 0x170
                    0x0172                  QEI1LECH = 0x172
                    0x0172                  _QEI1LECH = 0x172
                    0x0200                  I2C1CON1 = 0x200
                    0x0200                  _I2C1CON1 = 0x200
                    0x0200                  _I2C1CON1bits = 0x200
                    0x0200                  I2C1CONL = 0x200
                    0x0200                  _I2C1CONL = 0x200
                    0x0200                  _I2C1CONLbits = 0x200
                    0x0202                  I2C1CON2 = 0x202
                    0x0202                  _I2C1CON2 = 0x202
                    0x0202                  _I2C1CON2bits = 0x202
                    0x0202                  I2C1CONH = 0x202
                    0x0202                  _I2C1CONH = 0x202
                    0x0202                  _I2C1CONHbits = 0x202
                    0x0204                  I2C1STAT = 0x204
                    0x0204                  _I2C1STAT = 0x204
                    0x0204                  _I2C1STATbits = 0x204
                    0x0208                  I2C1ADD = 0x208
                    0x0208                  _I2C1ADD = 0x208
                    0x0208                  _I2C1ADDbits = 0x208
                    0x020c                  I2C1MSK = 0x20c
                    0x020c                  _I2C1MSK = 0x20c
                    0x020c                  _I2C1MSKbits = 0x20c
                    0x0210                  I2C1BRG = 0x210
                    0x0210                  _I2C1BRG = 0x210
                    0x0214                  I2C1TRN = 0x214
                    0x0214                  _I2C1TRN = 0x214
                    0x0214                  _I2C1TRNbits = 0x214
                    0x0218                  I2C1RCV = 0x218
                    0x0218                  _I2C1RCV = 0x218
                    0x0218                  _I2C1RCVbits = 0x218
                    0x0238                  U1MODE = 0x238
                    0x0238                  _U1MODE = 0x238
                    0x0238                  _U1MODEbits = 0x238
                    0x023a                  U1MODEH = 0x23a
                    0x023a                  _U1MODEH = 0x23a
                    0x023a                  _U1MODEHbits = 0x23a
                    0x023c                  U1STA = 0x23c
                    0x023c                  _U1STA = 0x23c
                    0x023c                  _U1STAbits = 0x23c
                    0x023e                  U1STAH = 0x23e
                    0x023e                  _U1STAH = 0x23e
                    0x023e                  _U1STAHbits = 0x23e
                    0x0240                  U1BRG = 0x240
                    0x0240                  _U1BRG = 0x240
                    0x0240                  _U1BRGbits = 0x240
                    0x0242                  U1BRGH = 0x242
                    0x0242                  _U1BRGH = 0x242
                    0x0242                  _U1BRGHbits = 0x242
                    0x0244                  U1RXREG = 0x244
                    0x0244                  _U1RXREG = 0x244
                    0x0244                  _U1RXREGbits = 0x244
                    0x0248                  U1TXREG = 0x248
                    0x0248                  _U1TXREG = 0x248
                    0x0248                  _U1TXREGbits = 0x248
                    0x024c                  U1P1 = 0x24c
                    0x024c                  _U1P1 = 0x24c
                    0x024c                  _U1P1bits = 0x24c
                    0x024e                  U1P2 = 0x24e
                    0x024e                  _U1P2 = 0x24e
                    0x024e                  _U1P2bits = 0x24e
                    0x0250                  U1P3 = 0x250
                    0x0250                  _U1P3 = 0x250
                    0x0250                  _U1P3bits = 0x250
                    0x0252                  U1P3H = 0x252
                    0x0252                  _U1P3H = 0x252
                    0x0252                  _U1P3Hbits = 0x252
                    0x0254                  U1TXCHK = 0x254
                    0x0254                  _U1TXCHK = 0x254
                    0x0254                  _U1TXCHKbits = 0x254
                    0x0256                  U1RXCHK = 0x256
                    0x0256                  _U1RXCHK = 0x256
                    0x0256                  _U1RXCHKbits = 0x256
                    0x0258                  U1SCCON = 0x258
                    0x0258                  _U1SCCON = 0x258
                    0x0258                  _U1SCCONbits = 0x258
                    0x025a                  U1SCINT = 0x25a
                    0x025a                  _U1SCINT = 0x25a
                    0x025a                  _U1SCINTbits = 0x25a
                    0x025c                  U1INT = 0x25c
                    0x025c                  _U1INT = 0x25c
                    0x025c                  _U1INTbits = 0x25c
                    0x0260                  U2MODE = 0x260
                    0x0260                  _U2MODE = 0x260
                    0x0260                  _U2MODEbits = 0x260
                    0x0262                  U2MODEH = 0x262
                    0x0262                  _U2MODEH = 0x262
                    0x0262                  _U2MODEHbits = 0x262
                    0x0264                  U2STA = 0x264
                    0x0264                  _U2STA = 0x264
                    0x0264                  _U2STAbits = 0x264
                    0x0266                  U2STAH = 0x266
                    0x0266                  _U2STAH = 0x266
                    0x0266                  _U2STAHbits = 0x266
                    0x0268                  U2BRG = 0x268
                    0x0268                  _U2BRG = 0x268
                    0x0268                  _U2BRGbits = 0x268
                    0x026a                  U2BRGH = 0x26a
                    0x026a                  _U2BRGH = 0x26a
                    0x026a                  _U2BRGHbits = 0x26a
                    0x026c                  U2RXREG = 0x26c
                    0x026c                  _U2RXREG = 0x26c
                    0x026c                  _U2RXREGbits = 0x26c
                    0x0270                  U2TXREG = 0x270
                    0x0270                  _U2TXREG = 0x270
                    0x0270                  _U2TXREGbits = 0x270
                    0x0274                  U2P1 = 0x274
                    0x0274                  _U2P1 = 0x274
                    0x0274                  _U2P1bits = 0x274
                    0x0276                  U2P2 = 0x276
                    0x0276                  _U2P2 = 0x276
                    0x0276                  _U2P2bits = 0x276
                    0x0278                  U2P3 = 0x278
                    0x0278                  _U2P3 = 0x278
                    0x0278                  _U2P3bits = 0x278
                    0x027a                  U2P3H = 0x27a
                    0x027a                  _U2P3H = 0x27a
                    0x027a                  _U2P3Hbits = 0x27a
                    0x027c                  U2TXCHK = 0x27c
                    0x027c                  _U2TXCHK = 0x27c
                    0x027c                  _U2TXCHKbits = 0x27c
                    0x027e                  U2RXCHK = 0x27e
                    0x027e                  _U2RXCHK = 0x27e
                    0x027e                  _U2RXCHKbits = 0x27e
                    0x0280                  U2SCCON = 0x280
                    0x0280                  _U2SCCON = 0x280
                    0x0280                  _U2SCCONbits = 0x280
                    0x0282                  U2SCINT = 0x282
                    0x0282                  _U2SCINT = 0x282
                    0x0282                  _U2SCINTbits = 0x282
                    0x0284                  U2INT = 0x284
                    0x0284                  _U2INT = 0x284
                    0x0284                  _U2INTbits = 0x284
                    0x02ac                  SPI1CON1 = 0x2ac
                    0x02ac                  _SPI1CON1 = 0x2ac
                    0x02ac                  _SPI1CON1bits = 0x2ac
                    0x02ac                  SPI1CON1L = 0x2ac
                    0x02ac                  _SPI1CON1L = 0x2ac
                    0x02ac                  _SPI1CON1Lbits = 0x2ac
                    0x02ae                  SPI1CON1H = 0x2ae
                    0x02ae                  _SPI1CON1H = 0x2ae
                    0x02ae                  _SPI1CON1Hbits = 0x2ae
                    0x02ae                  SPI1CON2 = 0x2ae
                    0x02ae                  _SPI1CON2 = 0x2ae
                    0x02ae                  _SPI1CON2bits = 0x2ae
                    0x02b0                  SPI1CON2L = 0x2b0
                    0x02b0                  _SPI1CON2L = 0x2b0
                    0x02b0                  _SPI1CON2Lbits = 0x2b0
                    0x02b0                  SPI1CON3 = 0x2b0
                    0x02b0                  _SPI1CON3 = 0x2b0
                    0x02b0                  _SPI1CON3bits = 0x2b0
                    0x02b4                  SPI1STATL = 0x2b4
                    0x02b4                  _SPI1STATL = 0x2b4
                    0x02b4                  _SPI1STATLbits = 0x2b4
                    0x02b6                  SPI1STATH = 0x2b6
                    0x02b6                  _SPI1STATH = 0x2b6
                    0x02b6                  _SPI1STATHbits = 0x2b6
                    0x02b8                  SPI1BUFL = 0x2b8
                    0x02b8                  _SPI1BUFL = 0x2b8
                    0x02b8                  _SPI1BUFLbits = 0x2b8
                    0x02ba                  SPI1BUFH = 0x2ba
                    0x02ba                  _SPI1BUFH = 0x2ba
                    0x02ba                  _SPI1BUFHbits = 0x2ba
                    0x02bc                  SPI1BRGL = 0x2bc
                    0x02bc                  _SPI1BRGL = 0x2bc
                    0x02bc                  _SPI1BRGLbits = 0x2bc
                    0x02c0                  SPI1IMSK1 = 0x2c0
                    0x02c0                  _SPI1IMSK1 = 0x2c0
                    0x02c0                  _SPI1IMSK1bits = 0x2c0
                    0x02c0                  SPI1IMSKL = 0x2c0
                    0x02c0                  _SPI1IMSKL = 0x2c0
                    0x02c0                  _SPI1IMSKLbits = 0x2c0
                    0x02c2                  SPI1IMSK2 = 0x2c2
                    0x02c2                  _SPI1IMSK2 = 0x2c2
                    0x02c2                  _SPI1IMSK2bits = 0x2c2
                    0x02c2                  SPI1IMSKH = 0x2c2
                    0x02c2                  _SPI1IMSKH = 0x2c2
                    0x02c2                  _SPI1IMSKHbits = 0x2c2
                    0x02c4                  SPI1URDTL = 0x2c4
                    0x02c4                  _SPI1URDTL = 0x2c4
                    0x02c4                  _SPI1URDTLbits = 0x2c4
                    0x02c6                  SPI1URDTH = 0x2c6
                    0x02c6                  _SPI1URDTH = 0x2c6
                    0x02c6                  _SPI1URDTHbits = 0x2c6
                    0x02c8                  SPI2CON1 = 0x2c8
                    0x02c8                  _SPI2CON1 = 0x2c8
                    0x02c8                  _SPI2CON1bits = 0x2c8
                    0x02c8                  SPI2CON1L = 0x2c8
                    0x02c8                  _SPI2CON1L = 0x2c8
                    0x02c8                  _SPI2CON1Lbits = 0x2c8
                    0x02ca                  SPI2CON1H = 0x2ca
                    0x02ca                  _SPI2CON1H = 0x2ca
                    0x02ca                  _SPI2CON1Hbits = 0x2ca
                    0x02ca                  SPI2CON2 = 0x2ca
                    0x02ca                  _SPI2CON2 = 0x2ca
                    0x02ca                  _SPI2CON2bits = 0x2ca
                    0x02cc                  SPI2CON2L = 0x2cc
                    0x02cc                  _SPI2CON2L = 0x2cc
                    0x02cc                  _SPI2CON2Lbits = 0x2cc
                    0x02cc                  SPI2CON3 = 0x2cc
                    0x02cc                  _SPI2CON3 = 0x2cc
                    0x02cc                  _SPI2CON3bits = 0x2cc
                    0x02d0                  SPI2STATL = 0x2d0
                    0x02d0                  _SPI2STATL = 0x2d0
                    0x02d0                  _SPI2STATLbits = 0x2d0
                    0x02d2                  SPI2STATH = 0x2d2
                    0x02d2                  _SPI2STATH = 0x2d2
                    0x02d2                  _SPI2STATHbits = 0x2d2
                    0x02d4                  SPI2BUFL = 0x2d4
                    0x02d4                  _SPI2BUFL = 0x2d4
                    0x02d4                  _SPI2BUFLbits = 0x2d4
                    0x02d6                  SPI2BUFH = 0x2d6
                    0x02d6                  _SPI2BUFH = 0x2d6
                    0x02d6                  _SPI2BUFHbits = 0x2d6
                    0x02d8                  SPI2BRGL = 0x2d8
                    0x02d8                  _SPI2BRGL = 0x2d8
                    0x02d8                  _SPI2BRGLbits = 0x2d8
                    0x02dc                  SPI2IMSK1 = 0x2dc
                    0x02dc                  _SPI2IMSK1 = 0x2dc
                    0x02dc                  _SPI2IMSK1bits = 0x2dc
                    0x02dc                  SPI2IMSKL = 0x2dc
                    0x02dc                  _SPI2IMSKL = 0x2dc
                    0x02dc                  _SPI2IMSKLbits = 0x2dc
                    0x02de                  SPI2IMSK2 = 0x2de
                    0x02de                  _SPI2IMSK2 = 0x2de
                    0x02de                  _SPI2IMSK2bits = 0x2de
                    0x02de                  SPI2IMSKH = 0x2de
                    0x02de                  _SPI2IMSKH = 0x2de
                    0x02de                  _SPI2IMSKHbits = 0x2de
                    0x02e0                  SPI2URDTL = 0x2e0
                    0x02e0                  _SPI2URDTL = 0x2e0
                    0x02e0                  _SPI2URDTLbits = 0x2e0
                    0x02e2                  SPI2URDTH = 0x2e2
                    0x02e2                  _SPI2URDTH = 0x2e2
                    0x02e2                  _SPI2URDTHbits = 0x2e2
                    0x0300                  PCLKCON = 0x300
                    0x0300                  _PCLKCON = 0x300
                    0x0300                  _PCLKCONbits = 0x300
                    0x0302                  FSCL = 0x302
                    0x0302                  _FSCL = 0x302
                    0x0304                  FSMINPER = 0x304
                    0x0304                  _FSMINPER = 0x304
                    0x0306                  MPHASE = 0x306
                    0x0306                  _MPHASE = 0x306
                    0x0308                  MDC = 0x308
                    0x0308                  _MDC = 0x308
                    0x030a                  MPER = 0x30a
                    0x030a                  _MPER = 0x30a
                    0x030c                  LFSR = 0x30c
                    0x030c                  _LFSR = 0x30c
                    0x030c                  _LFSRbits = 0x30c
                    0x030e                  CMBTRIGL = 0x30e
                    0x030e                  _CMBTRIGL = 0x30e
                    0x030e                  _CMBTRIGLbits = 0x30e
                    0x0310                  CMBTRIGH = 0x310
                    0x0310                  _CMBTRIGH = 0x310
                    0x0310                  _CMBTRIGHbits = 0x310
                    0x0312                  LOGCONA = 0x312
                    0x0312                  _LOGCONA = 0x312
                    0x0312                  _LOGCONAbits = 0x312
                    0x0314                  LOGCONB = 0x314
                    0x0314                  _LOGCONB = 0x314
                    0x0314                  _LOGCONBbits = 0x314
                    0x0316                  LOGCONC = 0x316
                    0x0316                  _LOGCONC = 0x316
                    0x0316                  _LOGCONCbits = 0x316
                    0x0318                  LOGCOND = 0x318
                    0x0318                  _LOGCOND = 0x318
                    0x0318                  _LOGCONDbits = 0x318
                    0x031a                  LOGCONE = 0x31a
                    0x031a                  _LOGCONE = 0x31a
                    0x031a                  _LOGCONEbits = 0x31a
                    0x031c                  LOGCONF = 0x31c
                    0x031c                  _LOGCONF = 0x31c
                    0x031c                  _LOGCONFbits = 0x31c
                    0x031e                  PWMEVTA = 0x31e
                    0x031e                  _PWMEVTA = 0x31e
                    0x031e                  _PWMEVTAbits = 0x31e
                    0x0320                  PWMEVTB = 0x320
                    0x0320                  _PWMEVTB = 0x320
                    0x0320                  _PWMEVTBbits = 0x320
                    0x0322                  PWMEVTC = 0x322
                    0x0322                  _PWMEVTC = 0x322
                    0x0322                  _PWMEVTCbits = 0x322
                    0x0324                  PWMEVTD = 0x324
                    0x0324                  _PWMEVTD = 0x324
                    0x0324                  _PWMEVTDbits = 0x324
                    0x0326                  PWMEVTE = 0x326
                    0x0326                  _PWMEVTE = 0x326
                    0x0326                  _PWMEVTEbits = 0x326
                    0x0328                  PWMEVTF = 0x328
                    0x0328                  _PWMEVTF = 0x328
                    0x0328                  _PWMEVTFbits = 0x328
                    0x032a                  PG1CONL = 0x32a
                    0x032a                  _PG1CONL = 0x32a
                    0x032a                  _PG1CONLbits = 0x32a
                    0x032c                  PG1CONH = 0x32c
                    0x032c                  _PG1CONH = 0x32c
                    0x032c                  _PG1CONHbits = 0x32c
                    0x032e                  PG1STAT = 0x32e
                    0x032e                  _PG1STAT = 0x32e
                    0x032e                  _PG1STATbits = 0x32e
                    0x0330                  PG1IOCONL = 0x330
                    0x0330                  _PG1IOCONL = 0x330
                    0x0330                  _PG1IOCONLbits = 0x330
                    0x0332                  PG1IOCONH = 0x332
                    0x0332                  _PG1IOCONH = 0x332
                    0x0332                  _PG1IOCONHbits = 0x332
                    0x0334                  PG1EVTL = 0x334
                    0x0334                  _PG1EVTL = 0x334
                    0x0334                  _PG1EVTLbits = 0x334
                    0x0336                  PG1EVTH = 0x336
                    0x0336                  _PG1EVTH = 0x336
                    0x0336                  _PG1EVTHbits = 0x336
                    0x0338                  PG1FPCIL = 0x338
                    0x0338                  _PG1FPCIL = 0x338
                    0x0338                  _PG1FPCILbits = 0x338
                    0x033a                  PG1FPCIH = 0x33a
                    0x033a                  _PG1FPCIH = 0x33a
                    0x033a                  _PG1FPCIHbits = 0x33a
                    0x033c                  PG1CLPCIL = 0x33c
                    0x033c                  _PG1CLPCIL = 0x33c
                    0x033c                  _PG1CLPCILbits = 0x33c
                    0x033e                  PG1CLPCIH = 0x33e
                    0x033e                  _PG1CLPCIH = 0x33e
                    0x033e                  _PG1CLPCIHbits = 0x33e
                    0x0340                  PG1FFPCIL = 0x340
                    0x0340                  _PG1FFPCIL = 0x340
                    0x0340                  _PG1FFPCILbits = 0x340
                    0x0342                  PG1FFPCIH = 0x342
                    0x0342                  _PG1FFPCIH = 0x342
                    0x0342                  _PG1FFPCIHbits = 0x342
                    0x0344                  PG1SPCIL = 0x344
                    0x0344                  _PG1SPCIL = 0x344
                    0x0344                  _PG1SPCILbits = 0x344
                    0x0346                  PG1SPCIH = 0x346
                    0x0346                  _PG1SPCIH = 0x346
                    0x0346                  _PG1SPCIHbits = 0x346
                    0x0348                  PG1LEBL = 0x348
                    0x0348                  _PG1LEBL = 0x348
                    0x034a                  PG1LEBH = 0x34a
                    0x034a                  _PG1LEBH = 0x34a
                    0x034a                  _PG1LEBHbits = 0x34a
                    0x034c                  PG1PHASE = 0x34c
                    0x034c                  _PG1PHASE = 0x34c
                    0x034e                  PG1DC = 0x34e
                    0x034e                  _PG1DC = 0x34e
                    0x0350                  PG1DCA = 0x350
                    0x0350                  _PG1DCA = 0x350
                    0x0350                  _PG1DCAbits = 0x350
                    0x0352                  PG1PER = 0x352
                    0x0352                  _PG1PER = 0x352
                    0x0354                  PG1TRIGA = 0x354
                    0x0354                  _PG1TRIGA = 0x354
                    0x0356                  PG1TRIGB = 0x356
                    0x0356                  _PG1TRIGB = 0x356
                    0x0358                  PG1TRIGC = 0x358
                    0x0358                  _PG1TRIGC = 0x358
                    0x035a                  PG1DTL = 0x35a
                    0x035a                  _PG1DTL = 0x35a
                    0x035a                  _PG1DTLbits = 0x35a
                    0x035c                  PG1DTH = 0x35c
                    0x035c                  _PG1DTH = 0x35c
                    0x035c                  _PG1DTHbits = 0x35c
                    0x035e                  PG1CAP = 0x35e
                    0x035e                  _PG1CAP = 0x35e
                    0x0360                  PG2CONL = 0x360
                    0x0360                  _PG2CONL = 0x360
                    0x0360                  _PG2CONLbits = 0x360
                    0x0362                  PG2CONH = 0x362
                    0x0362                  _PG2CONH = 0x362
                    0x0362                  _PG2CONHbits = 0x362
                    0x0364                  PG2STAT = 0x364
                    0x0364                  _PG2STAT = 0x364
                    0x0364                  _PG2STATbits = 0x364
                    0x0366                  PG2IOCONL = 0x366
                    0x0366                  _PG2IOCONL = 0x366
                    0x0366                  _PG2IOCONLbits = 0x366
                    0x0368                  PG2IOCONH = 0x368
                    0x0368                  _PG2IOCONH = 0x368
                    0x0368                  _PG2IOCONHbits = 0x368
                    0x036a                  PG2EVTL = 0x36a
                    0x036a                  _PG2EVTL = 0x36a
                    0x036a                  _PG2EVTLbits = 0x36a
                    0x036c                  PG2EVTH = 0x36c
                    0x036c                  _PG2EVTH = 0x36c
                    0x036c                  _PG2EVTHbits = 0x36c
                    0x036e                  PG2FPCIL = 0x36e
                    0x036e                  _PG2FPCIL = 0x36e
                    0x036e                  _PG2FPCILbits = 0x36e
                    0x0370                  PG2FPCIH = 0x370
                    0x0370                  _PG2FPCIH = 0x370
                    0x0370                  _PG2FPCIHbits = 0x370
                    0x0372                  PG2CLPCIL = 0x372
                    0x0372                  _PG2CLPCIL = 0x372
                    0x0372                  _PG2CLPCILbits = 0x372
                    0x0374                  PG2CLPCIH = 0x374
                    0x0374                  _PG2CLPCIH = 0x374
                    0x0374                  _PG2CLPCIHbits = 0x374
                    0x0376                  PG2FFPCIL = 0x376
                    0x0376                  _PG2FFPCIL = 0x376
                    0x0376                  _PG2FFPCILbits = 0x376
                    0x0378                  PG2FFPCIH = 0x378
                    0x0378                  _PG2FFPCIH = 0x378
                    0x0378                  _PG2FFPCIHbits = 0x378
                    0x037a                  PG2SPCIL = 0x37a
                    0x037a                  _PG2SPCIL = 0x37a
                    0x037a                  _PG2SPCILbits = 0x37a
                    0x037c                  PG2SPCIH = 0x37c
                    0x037c                  _PG2SPCIH = 0x37c
                    0x037c                  _PG2SPCIHbits = 0x37c
                    0x037e                  PG2LEBL = 0x37e
                    0x037e                  _PG2LEBL = 0x37e
                    0x0380                  PG2LEBH = 0x380
                    0x0380                  _PG2LEBH = 0x380
                    0x0380                  _PG2LEBHbits = 0x380
                    0x0382                  PG2PHASE = 0x382
                    0x0382                  _PG2PHASE = 0x382
                    0x0384                  PG2DC = 0x384
                    0x0384                  _PG2DC = 0x384
                    0x0386                  PG2DCA = 0x386
                    0x0386                  _PG2DCA = 0x386
                    0x0386                  _PG2DCAbits = 0x386
                    0x0388                  PG2PER = 0x388
                    0x0388                  _PG2PER = 0x388
                    0x038a                  PG2TRIGA = 0x38a
                    0x038a                  _PG2TRIGA = 0x38a
                    0x038c                  PG2TRIGB = 0x38c
                    0x038c                  _PG2TRIGB = 0x38c
                    0x038e                  PG2TRIGC = 0x38e
                    0x038e                  _PG2TRIGC = 0x38e
                    0x0390                  PG2DTL = 0x390
                    0x0390                  _PG2DTL = 0x390
                    0x0390                  _PG2DTLbits = 0x390
                    0x0392                  PG2DTH = 0x392
                    0x0392                  _PG2DTH = 0x392
                    0x0392                  _PG2DTHbits = 0x392
                    0x0394                  PG2CAP = 0x394
                    0x0394                  _PG2CAP = 0x394
                    0x0396                  PG3CONL = 0x396
                    0x0396                  _PG3CONL = 0x396
                    0x0396                  _PG3CONLbits = 0x396
                    0x0398                  PG3CONH = 0x398
                    0x0398                  _PG3CONH = 0x398
                    0x0398                  _PG3CONHbits = 0x398
                    0x039a                  PG3STAT = 0x39a
                    0x039a                  _PG3STAT = 0x39a
                    0x039a                  _PG3STATbits = 0x39a
                    0x039c                  PG3IOCONL = 0x39c
                    0x039c                  _PG3IOCONL = 0x39c
                    0x039c                  _PG3IOCONLbits = 0x39c
                    0x039e                  PG3IOCONH = 0x39e
                    0x039e                  _PG3IOCONH = 0x39e
                    0x039e                  _PG3IOCONHbits = 0x39e
                    0x03a0                  PG3EVTL = 0x3a0
                    0x03a0                  _PG3EVTL = 0x3a0
                    0x03a0                  _PG3EVTLbits = 0x3a0
                    0x03a2                  PG3EVTH = 0x3a2
                    0x03a2                  _PG3EVTH = 0x3a2
                    0x03a2                  _PG3EVTHbits = 0x3a2
                    0x03a4                  PG3FPCIL = 0x3a4
                    0x03a4                  _PG3FPCIL = 0x3a4
                    0x03a4                  _PG3FPCILbits = 0x3a4
                    0x03a6                  PG3FPCIH = 0x3a6
                    0x03a6                  _PG3FPCIH = 0x3a6
                    0x03a6                  _PG3FPCIHbits = 0x3a6
                    0x03a8                  PG3CLPCIL = 0x3a8
                    0x03a8                  _PG3CLPCIL = 0x3a8
                    0x03a8                  _PG3CLPCILbits = 0x3a8
                    0x03aa                  PG3CLPCIH = 0x3aa
                    0x03aa                  _PG3CLPCIH = 0x3aa
                    0x03aa                  _PG3CLPCIHbits = 0x3aa
                    0x03ac                  PG3FFPCIL = 0x3ac
                    0x03ac                  _PG3FFPCIL = 0x3ac
                    0x03ac                  _PG3FFPCILbits = 0x3ac
                    0x03ae                  PG3FFPCIH = 0x3ae
                    0x03ae                  _PG3FFPCIH = 0x3ae
                    0x03ae                  _PG3FFPCIHbits = 0x3ae
                    0x03b0                  PG3SPCIL = 0x3b0
                    0x03b0                  _PG3SPCIL = 0x3b0
                    0x03b0                  _PG3SPCILbits = 0x3b0
                    0x03b2                  PG3SPCIH = 0x3b2
                    0x03b2                  _PG3SPCIH = 0x3b2
                    0x03b2                  _PG3SPCIHbits = 0x3b2
                    0x03b4                  PG3LEBL = 0x3b4
                    0x03b4                  _PG3LEBL = 0x3b4
                    0x03b6                  PG3LEBH = 0x3b6
                    0x03b6                  _PG3LEBH = 0x3b6
                    0x03b6                  _PG3LEBHbits = 0x3b6
                    0x03b8                  PG3PHASE = 0x3b8
                    0x03b8                  _PG3PHASE = 0x3b8
                    0x03ba                  PG3DC = 0x3ba
                    0x03ba                  _PG3DC = 0x3ba
                    0x03bc                  PG3DCA = 0x3bc
                    0x03bc                  _PG3DCA = 0x3bc
                    0x03bc                  _PG3DCAbits = 0x3bc
                    0x03be                  PG3PER = 0x3be
                    0x03be                  _PG3PER = 0x3be
                    0x03c0                  PG3TRIGA = 0x3c0
                    0x03c0                  _PG3TRIGA = 0x3c0
                    0x03c2                  PG3TRIGB = 0x3c2
                    0x03c2                  _PG3TRIGB = 0x3c2
                    0x03c4                  PG3TRIGC = 0x3c4
                    0x03c4                  _PG3TRIGC = 0x3c4
                    0x03c6                  PG3DTL = 0x3c6
                    0x03c6                  _PG3DTL = 0x3c6
                    0x03c6                  _PG3DTLbits = 0x3c6
                    0x03c8                  PG3DTH = 0x3c8
                    0x03c8                  _PG3DTH = 0x3c8
                    0x03c8                  _PG3DTHbits = 0x3c8
                    0x03ca                  PG3CAP = 0x3ca
                    0x03ca                  _PG3CAP = 0x3ca
                    0x03cc                  PG4CONL = 0x3cc
                    0x03cc                  _PG4CONL = 0x3cc
                    0x03cc                  _PG4CONLbits = 0x3cc
                    0x03ce                  PG4CONH = 0x3ce
                    0x03ce                  _PG4CONH = 0x3ce
                    0x03ce                  _PG4CONHbits = 0x3ce
                    0x03d0                  PG4STAT = 0x3d0
                    0x03d0                  _PG4STAT = 0x3d0
                    0x03d0                  _PG4STATbits = 0x3d0
                    0x03d2                  PG4IOCONL = 0x3d2
                    0x03d2                  _PG4IOCONL = 0x3d2
                    0x03d2                  _PG4IOCONLbits = 0x3d2
                    0x03d4                  PG4IOCONH = 0x3d4
                    0x03d4                  _PG4IOCONH = 0x3d4
                    0x03d4                  _PG4IOCONHbits = 0x3d4
                    0x03d6                  PG4EVTL = 0x3d6
                    0x03d6                  _PG4EVTL = 0x3d6
                    0x03d6                  _PG4EVTLbits = 0x3d6
                    0x03d8                  PG4EVTH = 0x3d8
                    0x03d8                  _PG4EVTH = 0x3d8
                    0x03d8                  _PG4EVTHbits = 0x3d8
                    0x03da                  PG4FPCIL = 0x3da
                    0x03da                  _PG4FPCIL = 0x3da
                    0x03da                  _PG4FPCILbits = 0x3da
                    0x03dc                  PG4FPCIH = 0x3dc
                    0x03dc                  _PG4FPCIH = 0x3dc
                    0x03dc                  _PG4FPCIHbits = 0x3dc
                    0x03de                  PG4CLPCIL = 0x3de
                    0x03de                  _PG4CLPCIL = 0x3de
                    0x03de                  _PG4CLPCILbits = 0x3de
                    0x03e0                  PG4CLPCIH = 0x3e0
                    0x03e0                  _PG4CLPCIH = 0x3e0
                    0x03e0                  _PG4CLPCIHbits = 0x3e0
                    0x03e2                  PG4FFPCIL = 0x3e2
                    0x03e2                  _PG4FFPCIL = 0x3e2
                    0x03e2                  _PG4FFPCILbits = 0x3e2
                    0x03e4                  PG4FFPCIH = 0x3e4
                    0x03e4                  _PG4FFPCIH = 0x3e4
                    0x03e4                  _PG4FFPCIHbits = 0x3e4
                    0x03e6                  PG4SPCIL = 0x3e6
                    0x03e6                  _PG4SPCIL = 0x3e6
                    0x03e6                  _PG4SPCILbits = 0x3e6
                    0x03e8                  PG4SPCIH = 0x3e8
                    0x03e8                  _PG4SPCIH = 0x3e8
                    0x03e8                  _PG4SPCIHbits = 0x3e8
                    0x03ea                  PG4LEBL = 0x3ea
                    0x03ea                  _PG4LEBL = 0x3ea
                    0x03ec                  PG4LEBH = 0x3ec
                    0x03ec                  _PG4LEBH = 0x3ec
                    0x03ec                  _PG4LEBHbits = 0x3ec
                    0x03ee                  PG4PHASE = 0x3ee
                    0x03ee                  _PG4PHASE = 0x3ee
                    0x03f0                  PG4DC = 0x3f0
                    0x03f0                  _PG4DC = 0x3f0
                    0x03f2                  PG4DCA = 0x3f2
                    0x03f2                  _PG4DCA = 0x3f2
                    0x03f2                  _PG4DCAbits = 0x3f2
                    0x03f4                  PG4PER = 0x3f4
                    0x03f4                  _PG4PER = 0x3f4
                    0x03f6                  PG4TRIGA = 0x3f6
                    0x03f6                  _PG4TRIGA = 0x3f6
                    0x03f8                  PG4TRIGB = 0x3f8
                    0x03f8                  _PG4TRIGB = 0x3f8
                    0x03fa                  PG4TRIGC = 0x3fa
                    0x03fa                  _PG4TRIGC = 0x3fa
                    0x03fc                  PG4DTL = 0x3fc
                    0x03fc                  _PG4DTL = 0x3fc
                    0x03fc                  _PG4DTLbits = 0x3fc
                    0x03fe                  PG4DTH = 0x3fe
                    0x03fe                  _PG4DTH = 0x3fe
                    0x03fe                  _PG4DTHbits = 0x3fe
                    0x0400                  PG4CAP = 0x400
                    0x0400                  _PG4CAP = 0x400
                    0x0800                  IFS0 = 0x800
                    0x0800                  _IFS0 = 0x800
                    0x0800                  _IFS0bits = 0x800
                    0x0802                  IFS1 = 0x802
                    0x0802                  _IFS1 = 0x802
                    0x0802                  _IFS1bits = 0x802
                    0x0804                  IFS2 = 0x804
                    0x0804                  _IFS2 = 0x804
                    0x0804                  _IFS2bits = 0x804
                    0x0806                  IFS3 = 0x806
                    0x0806                  _IFS3 = 0x806
                    0x0806                  _IFS3bits = 0x806
                    0x0808                  IFS4 = 0x808
                    0x0808                  _IFS4 = 0x808
                    0x0808                  _IFS4bits = 0x808
                    0x080a                  IFS5 = 0x80a
                    0x080a                  _IFS5 = 0x80a
                    0x080a                  _IFS5bits = 0x80a
                    0x080c                  IFS6 = 0x80c
                    0x080c                  _IFS6 = 0x80c
                    0x080c                  _IFS6bits = 0x80c
                    0x080e                  IFS7 = 0x80e
                    0x080e                  _IFS7 = 0x80e
                    0x080e                  _IFS7bits = 0x80e
                    0x0814                  IFS10 = 0x814
                    0x0814                  _IFS10 = 0x814
                    0x0814                  _IFS10bits = 0x814
                    0x0816                  IFS11 = 0x816
                    0x0816                  _IFS11 = 0x816
                    0x0816                  _IFS11bits = 0x816
                    0x0820                  IEC0 = 0x820
                    0x0820                  _IEC0 = 0x820
                    0x0820                  _IEC0bits = 0x820
                    0x0822                  IEC1 = 0x822
                    0x0822                  _IEC1 = 0x822
                    0x0822                  _IEC1bits = 0x822
                    0x0824                  IEC2 = 0x824
                    0x0824                  _IEC2 = 0x824
                    0x0824                  _IEC2bits = 0x824
                    0x0826                  IEC3 = 0x826
                    0x0826                  _IEC3 = 0x826
                    0x0826                  _IEC3bits = 0x826
                    0x0828                  IEC4 = 0x828
                    0x0828                  _IEC4 = 0x828
                    0x0828                  _IEC4bits = 0x828
                    0x082a                  IEC5 = 0x82a
                    0x082a                  _IEC5 = 0x82a
                    0x082a                  _IEC5bits = 0x82a
                    0x082c                  IEC6 = 0x82c
                    0x082c                  _IEC6 = 0x82c
                    0x082c                  _IEC6bits = 0x82c
                    0x082e                  IEC7 = 0x82e
                    0x082e                  _IEC7 = 0x82e
                    0x082e                  _IEC7bits = 0x82e
                    0x0834                  IEC10 = 0x834
                    0x0834                  _IEC10 = 0x834
                    0x0834                  _IEC10bits = 0x834
                    0x0836                  IEC11 = 0x836
                    0x0836                  _IEC11 = 0x836
                    0x0836                  _IEC11bits = 0x836
                    0x0840                  IPC0 = 0x840
                    0x0840                  _IPC0 = 0x840
                    0x0840                  _IPC0bits = 0x840
                    0x0842                  IPC1 = 0x842
                    0x0842                  _IPC1 = 0x842
                    0x0842                  _IPC1bits = 0x842
                    0x0844                  IPC2 = 0x844
                    0x0844                  _IPC2 = 0x844
                    0x0844                  _IPC2bits = 0x844
                    0x0846                  IPC3 = 0x846
                    0x0846                  _IPC3 = 0x846
                    0x0846                  _IPC3bits = 0x846
                    0x0848                  IPC4 = 0x848
                    0x0848                  _IPC4 = 0x848
                    0x0848                  _IPC4bits = 0x848
                    0x084a                  IPC5 = 0x84a
                    0x084a                  _IPC5 = 0x84a
                    0x084a                  _IPC5bits = 0x84a
                    0x084c                  IPC6 = 0x84c
                    0x084c                  _IPC6 = 0x84c
                    0x084c                  _IPC6bits = 0x84c
                    0x084e                  IPC7 = 0x84e
                    0x084e                  _IPC7 = 0x84e
                    0x084e                  _IPC7bits = 0x84e
                    0x0850                  IPC8 = 0x850
                    0x0850                  _IPC8 = 0x850
                    0x0850                  _IPC8bits = 0x850
                    0x0852                  IPC9 = 0x852
                    0x0852                  _IPC9 = 0x852
                    0x0852                  _IPC9bits = 0x852
                    0x0854                  IPC10 = 0x854
                    0x0854                  _IPC10 = 0x854
                    0x0854                  _IPC10bits = 0x854
                    0x0856                  IPC11 = 0x856
                    0x0856                  _IPC11 = 0x856
                    0x0856                  _IPC11bits = 0x856
                    0x0858                  IPC12 = 0x858
                    0x0858                  _IPC12 = 0x858
                    0x0858                  _IPC12bits = 0x858
                    0x085c                  IPC14 = 0x85c
                    0x085c                  _IPC14 = 0x85c
                    0x085c                  _IPC14bits = 0x85c
                    0x085e                  IPC15 = 0x85e
                    0x085e                  _IPC15 = 0x85e
                    0x085e                  _IPC15bits = 0x85e
                    0x0860                  IPC16 = 0x860
                    0x0860                  _IPC16 = 0x860
                    0x0860                  _IPC16bits = 0x860
                    0x0862                  IPC17 = 0x862
                    0x0862                  _IPC17 = 0x862
                    0x0862                  _IPC17bits = 0x862
                    0x0864                  IPC18 = 0x864
                    0x0864                  _IPC18 = 0x864
                    0x0864                  _IPC18bits = 0x864
                    0x0866                  IPC19 = 0x866
                    0x0866                  _IPC19 = 0x866
                    0x0866                  _IPC19bits = 0x866
                    0x0868                  IPC20 = 0x868
                    0x0868                  _IPC20 = 0x868
                    0x0868                  _IPC20bits = 0x868
                    0x086a                  IPC21 = 0x86a
                    0x086a                  _IPC21 = 0x86a
                    0x086a                  _IPC21bits = 0x86a
                    0x086c                  IPC22 = 0x86c
                    0x086c                  _IPC22 = 0x86c
                    0x086c                  _IPC22bits = 0x86c
                    0x086e                  IPC23 = 0x86e
                    0x086e                  _IPC23 = 0x86e
                    0x086e                  _IPC23bits = 0x86e
                    0x0870                  IPC24 = 0x870
                    0x0870                  _IPC24 = 0x870
                    0x0870                  _IPC24bits = 0x870
                    0x0872                  IPC25 = 0x872
                    0x0872                  _IPC25 = 0x872
                    0x0872                  _IPC25bits = 0x872
                    0x0874                  IPC26 = 0x874
                    0x0874                  _IPC26 = 0x874
                    0x0874                  _IPC26bits = 0x874
                    0x0876                  IPC27 = 0x876
                    0x0876                  _IPC27 = 0x876
                    0x0876                  _IPC27bits = 0x876
                    0x0878                  IPC28 = 0x878
                    0x0878                  _IPC28 = 0x878
                    0x0878                  _IPC28bits = 0x878
                    0x087a                  IPC29 = 0x87a
                    0x087a                  _IPC29 = 0x87a
                    0x087a                  _IPC29bits = 0x87a
                    0x087c                  IPC30 = 0x87c
                    0x087c                  _IPC30 = 0x87c
                    0x087c                  _IPC30bits = 0x87c
                    0x087e                  IPC31 = 0x87e
                    0x087e                  _IPC31 = 0x87e
                    0x087e                  _IPC31bits = 0x87e
                    0x0894                  IPC42 = 0x894
                    0x0894                  _IPC42 = 0x894
                    0x0894                  _IPC42bits = 0x894
                    0x0896                  IPC43 = 0x896
                    0x0896                  _IPC43 = 0x896
                    0x0896                  _IPC43bits = 0x896
                    0x0898                  IPC44 = 0x898
                    0x0898                  _IPC44 = 0x898
                    0x0898                  _IPC44bits = 0x898
                    0x089a                  IPC45 = 0x89a
                    0x089a                  _IPC45 = 0x89a
                    0x089a                  _IPC45bits = 0x89a
                    0x089e                  IPC47 = 0x89e
                    0x089e                  _IPC47 = 0x89e
                    0x089e                  _IPC47bits = 0x89e
                    0x08c0                  INTCON1 = 0x8c0
                    0x08c0                  _INTCON1 = 0x8c0
                    0x08c0                  _INTCON1bits = 0x8c0
                    0x08c2                  INTCON2 = 0x8c2
                    0x08c2                  _INTCON2 = 0x8c2
                    0x08c2                  _INTCON2bits = 0x8c2
                    0x08c4                  INTCON3 = 0x8c4
                    0x08c4                  _INTCON3 = 0x8c4
                    0x08c4                  _INTCON3bits = 0x8c4
                    0x08c6                  INTCON4 = 0x8c6
                    0x08c6                  _INTCON4 = 0x8c6
                    0x08c6                  _INTCON4bits = 0x8c6
                    0x08c8                  INTTREG = 0x8c8
                    0x08c8                  _INTTREG = 0x8c8
                    0x08c8                  _INTTREGbits = 0x8c8
                    0x08d0                  NVMCON = 0x8d0
                    0x08d0                  _NVMCON = 0x8d0
                    0x08d0                  _NVMCONbits = 0x8d0
                    0x08d2                  NVMADR = 0x8d2
                    0x08d2                  _NVMADR = 0x8d2
                    0x08d2                  _NVMADRbits = 0x8d2
                    0x08d2                  NVMADRL = 0x8d2
                    0x08d2                  _NVMADRL = 0x8d2
                    0x08d2                  _NVMADRLbits = 0x8d2
                    0x08d4                  NVMADRH = 0x8d4
                    0x08d4                  _NVMADRH = 0x8d4
                    0x08d4                  _NVMADRHbits = 0x8d4
                    0x08d4                  NVMADRU = 0x8d4
                    0x08d4                  _NVMADRU = 0x8d4
                    0x08d4                  _NVMADRUbits = 0x8d4
                    0x08d6                  NVMKEY = 0x8d6
                    0x08d6                  _NVMKEY = 0x8d6
                    0x08d8                  NVMSRCADDR = 0x8d8
                    0x08d8                  _NVMSRCADDR = 0x8d8
                    0x08d8                  _NVMSRCADDRbits = 0x8d8
                    0x08d8                  NVMSRCADR = 0x8d8
                    0x08d8                  _NVMSRCADR = 0x8d8
                    0x08d8                  _NVMSRCADRbits = 0x8d8
                    0x08d8                  NVMSRCADRL = 0x8d8
                    0x08d8                  _NVMSRCADRL = 0x8d8
                    0x08d8                  _NVMSRCADRLbits = 0x8d8
                    0x08da                  NVMSRCADRH = 0x8da
                    0x08da                  _NVMSRCADRH = 0x8da
                    0x08da                  _NVMSRCADRHbits = 0x8da
                    0x08dc                  AMPCON1L = 0x8dc
                    0x08dc                  _AMPCON1L = 0x8dc
                    0x08dc                  _AMPCON1Lbits = 0x8dc
                    0x08de                  AMPCON1H = 0x8de
                    0x08de                  _AMPCON1H = 0x8de
                    0x08de                  _AMPCON1Hbits = 0x8de
                    0x08f0                  BIASCON = 0x8f0
                    0x08f0                  _BIASCON = 0x8f0
                    0x08f0                  _BIASCONbits = 0x8f0
                    0x08f4                  IBIASCONL = 0x8f4
                    0x08f4                  _IBIASCONL = 0x8f4
                    0x08f4                  _IBIASCONLbits = 0x8f4
                    0x08f6                  IBIASCONH = 0x8f6
                    0x08f6                  _IBIASCONH = 0x8f6
                    0x08f6                  _IBIASCONHbits = 0x8f6
                    0x0900                  PTGCST = 0x900
                    0x0900                  _PTGCST = 0x900
                    0x0900                  _PTGCSTbits = 0x900
                    0x0902                  PTGCON = 0x902
                    0x0902                  _PTGCON = 0x902
                    0x0902                  _PTGCONbits = 0x902
                    0x0904                  PTGBTE = 0x904
                    0x0904                  _PTGBTE = 0x904
                    0x0904                  _PTGBTEbits = 0x904
                    0x0906                  PTGBTEH = 0x906
                    0x0906                  _PTGBTEH = 0x906
                    0x0906                  _PTGBTEHbits = 0x906
                    0x0908                  PTGHOLD = 0x908
                    0x0908                  _PTGHOLD = 0x908
                    0x090c                  PTGT0LIM = 0x90c
                    0x090c                  _PTGT0LIM = 0x90c
                    0x0910                  PTGT1LIM = 0x910
                    0x0910                  _PTGT1LIM = 0x910